Archive member included to satisfy reference by file (symbol)

/usr/local/share/gcc-arm-none-eabi-10.3-2021.10/bin/../lib/gcc/arm-none-eabi/10.3.1/../../../../arm-none-eabi/lib/thumb/v7e-m+dp/hard/libc_nano.a(lib_a-exit.o)
                              /usr/local/share/gcc-arm-none-eabi-10.3-2021.10/bin/../lib/gcc/arm-none-eabi/10.3.1/../../../../arm-none-eabi/lib/thumb/v7e-m+dp/hard/crt0.o (exit)
/usr/local/share/gcc-arm-none-eabi-10.3-2021.10/bin/../lib/gcc/arm-none-eabi/10.3.1/../../../../arm-none-eabi/lib/thumb/v7e-m+dp/hard/libc_nano.a(lib_a-impure.o)
                              /usr/local/share/gcc-arm-none-eabi-10.3-2021.10/bin/../lib/gcc/arm-none-eabi/10.3.1/../../../../arm-none-eabi/lib/thumb/v7e-m+dp/hard/libc_nano.a(lib_a-exit.o) (_global_impure_ptr)
/usr/local/share/gcc-arm-none-eabi-10.3-2021.10/bin/../lib/gcc/arm-none-eabi/10.3.1/../../../../arm-none-eabi/lib/thumb/v7e-m+dp/hard/libc_nano.a(lib_a-init.o)
                              /usr/local/share/gcc-arm-none-eabi-10.3-2021.10/bin/../lib/gcc/arm-none-eabi/10.3.1/../../../../arm-none-eabi/lib/thumb/v7e-m+dp/hard/crt0.o (__libc_init_array)
/usr/local/share/gcc-arm-none-eabi-10.3-2021.10/bin/../lib/gcc/arm-none-eabi/10.3.1/../../../../arm-none-eabi/lib/thumb/v7e-m+dp/hard/libc_nano.a(lib_a-memset.o)
                              /usr/local/share/gcc-arm-none-eabi-10.3-2021.10/bin/../lib/gcc/arm-none-eabi/10.3.1/../../../../arm-none-eabi/lib/thumb/v7e-m+dp/hard/crt0.o (memset)
/usr/local/share/gcc-arm-none-eabi-10.3-2021.10/bin/../lib/gcc/arm-none-eabi/10.3.1/../../../../arm-none-eabi/lib/thumb/v7e-m+dp/hard/libnosys.a(_exit.o)
                              /usr/local/share/gcc-arm-none-eabi-10.3-2021.10/bin/../lib/gcc/arm-none-eabi/10.3.1/../../../../arm-none-eabi/lib/thumb/v7e-m+dp/hard/libc_nano.a(lib_a-exit.o) (_exit)

Discarded input sections

 .text          0x0000000000000000        0x0 /usr/local/share/gcc-arm-none-eabi-10.3-2021.10/bin/../lib/gcc/arm-none-eabi/10.3.1/thumb/v7e-m+dp/hard/crti.o
 .data          0x0000000000000000        0x0 /usr/local/share/gcc-arm-none-eabi-10.3-2021.10/bin/../lib/gcc/arm-none-eabi/10.3.1/thumb/v7e-m+dp/hard/crti.o
 .bss           0x0000000000000000        0x0 /usr/local/share/gcc-arm-none-eabi-10.3-2021.10/bin/../lib/gcc/arm-none-eabi/10.3.1/thumb/v7e-m+dp/hard/crti.o
 .data          0x0000000000000000        0x4 /usr/local/share/gcc-arm-none-eabi-10.3-2021.10/bin/../lib/gcc/arm-none-eabi/10.3.1/thumb/v7e-m+dp/hard/crtbegin.o
 .rodata        0x0000000000000000       0x24 /usr/local/share/gcc-arm-none-eabi-10.3-2021.10/bin/../lib/gcc/arm-none-eabi/10.3.1/thumb/v7e-m+dp/hard/crtbegin.o
 .text          0x0000000000000000       0x7c /usr/local/share/gcc-arm-none-eabi-10.3-2021.10/bin/../lib/gcc/arm-none-eabi/10.3.1/../../../../arm-none-eabi/lib/thumb/v7e-m+dp/hard/crt0.o
 .data          0x0000000000000000        0x0 /usr/local/share/gcc-arm-none-eabi-10.3-2021.10/bin/../lib/gcc/arm-none-eabi/10.3.1/../../../../arm-none-eabi/lib/thumb/v7e-m+dp/hard/crt0.o
 .bss           0x0000000000000000        0x0 /usr/local/share/gcc-arm-none-eabi-10.3-2021.10/bin/../lib/gcc/arm-none-eabi/10.3.1/../../../../arm-none-eabi/lib/thumb/v7e-m+dp/hard/crt0.o
 .ARM.extab     0x0000000000000000        0x0 /usr/local/share/gcc-arm-none-eabi-10.3-2021.10/bin/../lib/gcc/arm-none-eabi/10.3.1/../../../../arm-none-eabi/lib/thumb/v7e-m+dp/hard/crt0.o
 .ARM.exidx     0x0000000000000000       0x10 /usr/local/share/gcc-arm-none-eabi-10.3-2021.10/bin/../lib/gcc/arm-none-eabi/10.3.1/../../../../arm-none-eabi/lib/thumb/v7e-m+dp/hard/crt0.o
 .ARM.attributes
                0x0000000000000000       0x1c /usr/local/share/gcc-arm-none-eabi-10.3-2021.10/bin/../lib/gcc/arm-none-eabi/10.3.1/../../../../arm-none-eabi/lib/thumb/v7e-m+dp/hard/crt0.o
 .text          0x0000000000000000        0x0 build/main.o
 .data          0x0000000000000000        0x0 build/main.o
 .bss           0x0000000000000000        0x0 build/main.o
 .text          0x0000000000000000        0x0 build/stm32h7xx_it.o
 .data          0x0000000000000000        0x0 build/stm32h7xx_it.o
 .bss           0x0000000000000000        0x0 build/stm32h7xx_it.o
 .text          0x0000000000000000        0x0 build/stm32h7xx_hal_msp.o
 .data          0x0000000000000000        0x0 build/stm32h7xx_hal_msp.o
 .bss           0x0000000000000000        0x0 build/stm32h7xx_hal_msp.o
 .text.HAL_I2C_MspDeInit
                0x0000000000000000       0x40 build/stm32h7xx_hal_msp.o
 .text.HAL_I2S_MspDeInit
                0x0000000000000000       0x3c build/stm32h7xx_hal_msp.o
 .text          0x0000000000000000        0x0 build/usb_device.o
 .data          0x0000000000000000        0x0 build/usb_device.o
 .bss           0x0000000000000000        0x0 build/usb_device.o
 .text          0x0000000000000000        0x0 build/usbd_desc.o
 .data          0x0000000000000000        0x0 build/usbd_desc.o
 .bss           0x0000000000000000        0x0 build/usbd_desc.o
 .data.USBD_FS_BOSDesc
[...]
Memory Configuration

Name             Origin             Length             Attributes
DTCMRAM          0x0000000020000000 0x0000000000020000 xrw
RAM_D1           0x0000000024000000 0x0000000000080000 xrw
RAM_D2           0x0000000030000000 0x0000000000048000 xrw
RAM_D3           0x0000000038000000 0x0000000000010000 xrw
ITCMRAM          0x0000000000000000 0x0000000000010000 xrw
FLASH            0x0000000008000000 0x0000000000200000 xr
*default*        0x0000000000000000 0xffffffffffffffff

Linker script and memory map

LOAD /usr/local/share/gcc-arm-none-eabi-10.3-2021.10/bin/../lib/gcc/arm-none-eabi/10.3.1/thumb/v7e-m+dp/hard/crti.o
LOAD /usr/local/share/gcc-arm-none-eabi-10.3-2021.10/bin/../lib/gcc/arm-none-eabi/10.3.1/thumb/v7e-m+dp/hard/crtbegin.o
LOAD /usr/local/share/gcc-arm-none-eabi-10.3-2021.10/bin/../lib/gcc/arm-none-eabi/10.3.1/../../../../arm-none-eabi/lib/thumb/v7e-m+dp/hard/crt0.o
LOAD build/main.o
LOAD build/stm32h7xx_it.o
LOAD build/stm32h7xx_hal_msp.o
LOAD build/usb_device.o
LOAD build/usbd_desc.o
LOAD build/usbd_cdc_if.o
LOAD build/usbd_conf.o
LOAD build/stm32h7xx_hal_pcd.o
LOAD build/stm32h7xx_hal_pcd_ex.o
LOAD build/stm32h7xx_ll_usb.o
LOAD build/stm32h7xx_hal_rcc.o
LOAD build/stm32h7xx_hal_rcc_ex.o
LOAD build/stm32h7xx_hal_flash.o
LOAD build/stm32h7xx_hal_flash_ex.o
LOAD build/stm32h7xx_hal_gpio.o
LOAD build/stm32h7xx_hal_hsem.o
LOAD build/stm32h7xx_hal_dma.o
LOAD build/stm32h7xx_hal_dma_ex.o
LOAD build/stm32h7xx_hal_mdma.o
LOAD build/stm32h7xx_hal_pwr.o
LOAD build/stm32h7xx_hal_pwr_ex.o
LOAD build/stm32h7xx_hal_cortex.o
LOAD build/stm32h7xx_hal.o
LOAD build/stm32h7xx_hal_i2c.o
LOAD build/stm32h7xx_hal_i2c_ex.o
LOAD build/stm32h7xx_hal_exti.o
LOAD build/stm32h7xx_hal_i2s.o
LOAD build/stm32h7xx_hal_i2s_ex.o
LOAD build/stm32h7xx_hal_tim.o
LOAD build/stm32h7xx_hal_tim_ex.o
LOAD build/system_stm32h7xx.o
LOAD build/usbd_core.o
LOAD build/usbd_ctlreq.o
LOAD build/usbd_ioreq.o
LOAD build/usbd_cdc.o
LOAD build/startup_stm32h743xx.o
LOAD /usr/local/share/gcc-arm-none-eabi-10.3-2021.10/bin/../lib/gcc/arm-none-eabi/10.3.1/../../../../arm-none-eabi/lib/thumb/v7e-m+dp/hard/libc_nano.a
LOAD /usr/local/share/gcc-arm-none-eabi-10.3-2021.10/bin/../lib/gcc/arm-none-eabi/10.3.1/../../../../arm-none-eabi/lib/thumb/v7e-m+dp/hard/libm.a
LOAD /usr/local/share/gcc-arm-none-eabi-10.3-2021.10/bin/../lib/gcc/arm-none-eabi/10.3.1/../../../../arm-none-eabi/lib/thumb/v7e-m+dp/hard/libnosys.a
START GROUP
LOAD /usr/local/share/gcc-arm-none-eabi-10.3-2021.10/bin/../lib/gcc/arm-none-eabi/10.3.1/thumb/v7e-m+dp/hard/libgcc.a
LOAD /usr/local/share/gcc-arm-none-eabi-10.3-2021.10/bin/../lib/gcc/arm-none-eabi/10.3.1/../../../../arm-none-eabi/lib/thumb/v7e-m+dp/hard/libc_nano.a
END GROUP
START GROUP
LOAD /usr/local/share/gcc-arm-none-eabi-10.3-2021.10/bin/../lib/gcc/arm-none-eabi/10.3.1/thumb/v7e-m+dp/hard/libgcc.a
LOAD /usr/local/share/gcc-arm-none-eabi-10.3-2021.10/bin/../lib/gcc/arm-none-eabi/10.3.1/../../../../arm-none-eabi/lib/thumb/v7e-m+dp/hard/libc_nano.a
END GROUP
LOAD /usr/local/share/gcc-arm-none-eabi-10.3-2021.10/bin/../lib/gcc/arm-none-eabi/10.3.1/thumb/v7e-m+dp/hard/crtend.o
LOAD /usr/local/share/gcc-arm-none-eabi-10.3-2021.10/bin/../lib/gcc/arm-none-eabi/10.3.1/thumb/v7e-m+dp/hard/crtn.o
                0x0000000020020000                _estack = (ORIGIN (DTCMRAM) + LENGTH (DTCMRAM))
                0x0000000000000200                _Min_Heap_Size = 0x200
                0x0000000000000400                _Min_Stack_Size = 0x400

.isr_vector     0x0000000008000000      0x298
                0x0000000008000000                . = ALIGN (0x4)
 *(.isr_vector)
 .isr_vector    0x0000000008000000      0x298 build/startup_stm32h743xx.o
                0x0000000008000000                g_pfnVectors
                0x0000000008000298                . = ALIGN (0x4)

.text           0x0000000008000298     0x61b8
                0x0000000008000298                . = ALIGN (0x4)
 *(.text)
 .text          0x0000000008000298       0x40 /usr/local/share/gcc-arm-none-eabi-10.3-2021.10/bin/../lib/gcc/arm-none-eabi/10.3.1/thumb/v7e-m+dp/hard/crtbegin.o
 *(.text*)
 .text.MPU_Config
                0x00000000080002d8       0x52 build/main.o
 *fill*         0x000000000800032a        0x2 
 .text.MX_GPIO_Init
                0x000000000800032c      0x138 build/main.o
 .text.Error_Handler
                0x0000000008000464        0x4 build/main.o
                0x0000000008000464                Error_Handler
 .text.MX_I2C2_Init
                0x0000000008000468       0x58 build/main.o
 .text.MX_I2S1_Init
                0x00000000080004c0       0x44 build/main.o
 .text.SystemClock_Config
                0x0000000008000504       0x90 build/main.o
                0x0000000008000504                SystemClock_Config
 .text.main     0x0000000008000594       0x20 build/main.o
                0x0000000008000594                main
 .text.NMI_Handler
                0x00000000080005b4        0x2 build/stm32h7xx_it.o
                0x00000000080005b4                NMI_Handler
 .text.HardFault_Handler
                0x00000000080005b6        0x2 build/stm32h7xx_it.o
                0x00000000080005b6                HardFault_Handler
 .text.MemManage_Handler
                0x00000000080005b8        0x2 build/stm32h7xx_it.o
                0x00000000080005b8                MemManage_Handler
 .text.BusFault_Handler
                0x00000000080005ba        0x2 build/stm32h7xx_it.o
                0x00000000080005ba                BusFault_Handler
 .text.UsageFault_Handler
                0x00000000080005bc        0x2 build/stm32h7xx_it.o
                0x00000000080005bc                UsageFault_Handler
 .text.SVC_Handler
                0x00000000080005be        0x2 build/stm32h7xx_it.o
                0x00000000080005be                SVC_Handler
 .text.DebugMon_Handler
                0x00000000080005c0        0x2 build/stm32h7xx_it.o
                0x00000000080005c0                DebugMon_Handler
 .text.PendSV_Handler
                0x00000000080005c2        0x2 build/stm32h7xx_it.o
                0x00000000080005c2                PendSV_Handler
 .text.SysTick_Handler
                0x00000000080005c4        0x8 build/stm32h7xx_it.o
                0x00000000080005c4                SysTick_Handler
 .text.OTG_FS_IRQHandler
                0x00000000080005cc       0x10 build/stm32h7xx_it.o
                0x00000000080005cc                OTG_FS_IRQHandler
 .text.HAL_MspInit
                0x00000000080005dc       0x24 build/stm32h7xx_hal_msp.o
                0x00000000080005dc                HAL_MspInit
 .text.HAL_I2C_MspInit
                0x0000000008000600       0x98 build/stm32h7xx_hal_msp.o
                0x0000000008000600                HAL_I2C_MspInit
 .text.HAL_I2S_MspInit
                0x0000000008000698       0xcc build/stm32h7xx_hal_msp.o
                0x0000000008000698                HAL_I2S_MspInit
 .text.MX_USB_DEVICE_Init
                0x0000000008000764       0x58 build/usb_device.o
                0x0000000008000764                MX_USB_DEVICE_Init
 .text.USBD_FS_DeviceDescriptor
                0x00000000080007bc        0xc build/usbd_desc.o
                0x00000000080007bc                USBD_FS_DeviceDescriptor
 .text.USBD_FS_LangIDStrDescriptor
                0x00000000080007c8        0xc build/usbd_desc.o
                0x00000000080007c8                USBD_FS_LangIDStrDescriptor
 .text.IntToUnicode
                0x00000000080007d4       0x46 build/usbd_desc.o
 *fill*         0x000000000800081a        0x2 
 .text.Get_SerialNum
                0x000000000800081c       0x38 build/usbd_desc.o
 .text.USBD_FS_SerialStrDescriptor
                0x0000000008000854       0x14 build/usbd_desc.o
                0x0000000008000854                USBD_FS_SerialStrDescriptor
 .text.USBD_FS_ProductStrDescriptor
                0x0000000008000868       0x24 build/usbd_desc.o
                0x0000000008000868                USBD_FS_ProductStrDescriptor
 .text.USBD_FS_ManufacturerStrDescriptor
                0x000000000800088c       0x1c build/usbd_desc.o
                0x000000000800088c                USBD_FS_ManufacturerStrDescriptor
 .text.USBD_FS_ConfigStrDescriptor
                0x00000000080008a8       0x24 build/usbd_desc.o
                0x00000000080008a8                USBD_FS_ConfigStrDescriptor
 .text.USBD_FS_InterfaceStrDescriptor
                0x00000000080008cc       0x24 build/usbd_desc.o
                0x00000000080008cc                USBD_FS_InterfaceStrDescriptor
 .text.CDC_DeInit_FS
                0x00000000080008f0        0x4 build/usbd_cdc_if.o
 .text.CDC_Control_FS
                0x00000000080008f4        0x4 build/usbd_cdc_if.o
 .text.CDC_TransmitCplt_FS
                0x00000000080008f8        0x4 build/usbd_cdc_if.o
 .text.CDC_Receive_FS
                0x00000000080008fc       0x1c build/usbd_cdc_if.o
 .text.CDC_Init_FS
                0x0000000008000918       0x28 build/usbd_cdc_if.o
 .text.HAL_PCD_MspInit
                0x0000000008000940       0xd4 build/usbd_conf.o
                0x0000000008000940                HAL_PCD_MspInit
 .text.HAL_PCD_SetupStageCallback
                0x0000000008000a14       0x10 build/usbd_conf.o
                0x0000000008000a14                HAL_PCD_SetupStageCallback
 .text.HAL_PCD_DataOutStageCallback
                0x0000000008000a24       0x18 build/usbd_conf.o
                0x0000000008000a24                HAL_PCD_DataOutStageCallback
 .text.HAL_PCD_DataInStageCallback
                0x0000000008000a3c       0x16 build/usbd_conf.o
                0x0000000008000a3c                HAL_PCD_DataInStageCallback
 .text.HAL_PCD_SOFCallback
                0x0000000008000a52        0xc build/usbd_conf.o
                0x0000000008000a52                HAL_PCD_SOFCallback
 .text.HAL_PCD_ResetCallback
                0x0000000008000a5e       0x2c build/usbd_conf.o
                0x0000000008000a5e                HAL_PCD_ResetCallback
 *fill*         0x0000000008000a8a        0x2 
 .text.HAL_PCD_SuspendCallback
                0x0000000008000a8c       0x30 build/usbd_conf.o
                0x0000000008000a8c                HAL_PCD_SuspendCallback
 .text.HAL_PCD_ResumeCallback
                0x0000000008000abc        0xc build/usbd_conf.o
                0x0000000008000abc                HAL_PCD_ResumeCallback
 .text.HAL_PCD_ISOOUTIncompleteCallback
                0x0000000008000ac8        0xc build/usbd_conf.o
                0x0000000008000ac8                HAL_PCD_ISOOUTIncompleteCallback
 .text.HAL_PCD_ISOINIncompleteCallback
                0x0000000008000ad4        0xc build/usbd_conf.o
                0x0000000008000ad4                HAL_PCD_ISOINIncompleteCallback
 .text.HAL_PCD_ConnectCallback
                0x0000000008000ae0        0xc build/usbd_conf.o
                0x0000000008000ae0                HAL_PCD_ConnectCallback
 .text.HAL_PCD_DisconnectCallback
                0x0000000008000aec        0xc build/usbd_conf.o
                0x0000000008000aec                HAL_PCD_DisconnectCallback
 .text.USBD_LL_Init
                0x0000000008000af8       0x6c build/usbd_conf.o
                0x0000000008000af8                USBD_LL_Init
 .text.USBD_LL_IsStallEP
                0x0000000008000b64       0x2e build/usbd_conf.o
                0x0000000008000b64                USBD_LL_IsStallEP
 .text.USBD_LL_GetRxDataSize
                0x0000000008000b92        0xc build/usbd_conf.o
                0x0000000008000b92                USBD_LL_GetRxDataSize
 *fill*         0x0000000008000b9e        0x2 
 .text.USBD_static_malloc
                0x0000000008000ba0        0x8 build/usbd_conf.o
                0x0000000008000ba0                USBD_static_malloc
 .text.USBD_static_free
                0x0000000008000ba8        0x2 build/usbd_conf.o
                0x0000000008000ba8                USBD_static_free
 .text.USBD_Get_USB_Status
                0x0000000008000baa       0x14 build/usbd_conf.o
                0x0000000008000baa                USBD_Get_USB_Status
 .text.USBD_LL_Start
                0x0000000008000bbe       0x10 build/usbd_conf.o
                0x0000000008000bbe                USBD_LL_Start
 .text.USBD_LL_OpenEP
                0x0000000008000bce       0x16 build/usbd_conf.o
                0x0000000008000bce                USBD_LL_OpenEP
 .text.USBD_LL_CloseEP
                0x0000000008000be4       0x10 build/usbd_conf.o
                0x0000000008000be4                USBD_LL_CloseEP
 .text.USBD_LL_StallEP
                0x0000000008000bf4       0x10 build/usbd_conf.o
                0x0000000008000bf4                USBD_LL_StallEP
 .text.USBD_LL_ClearStallEP
                0x0000000008000c04       0x10 build/usbd_conf.o
                0x0000000008000c04                USBD_LL_ClearStallEP
 .text.USBD_LL_SetUSBAddress
                0x0000000008000c14       0x10 build/usbd_conf.o
                0x0000000008000c14                USBD_LL_SetUSBAddress
 .text.USBD_LL_Transmit
                0x0000000008000c24       0x10 build/usbd_conf.o
                0x0000000008000c24                USBD_LL_Transmit
 .text.USBD_LL_PrepareReceive
                0x0000000008000c34       0x10 build/usbd_conf.o
                0x0000000008000c34                USBD_LL_PrepareReceive
 .text.PCD_WriteEmptyTxFifo
                0x0000000008000c44       0xd0 build/stm32h7xx_hal_pcd.o
 .text.HAL_PCD_Init
                0x0000000008000d14      0x13c build/stm32h7xx_hal_pcd.o
                0x0000000008000d14                HAL_PCD_Init
 .text.HAL_PCD_Start
                0x0000000008000e50       0x44 build/stm32h7xx_hal_pcd.o
                0x0000000008000e50                HAL_PCD_Start
 .text.PCD_EP_OutXfrComplete_int
                0x0000000008000e94      0x104 build/stm32h7xx_hal_pcd.o
 .text.PCD_EP_OutSetupPacket_int
                0x0000000008000f98       0x50 build/stm32h7xx_hal_pcd.o
 .text.HAL_PCD_SetAddress
                0x0000000008000fe8       0x28 build/stm32h7xx_hal_pcd.o
                0x0000000008000fe8                HAL_PCD_SetAddress
 .text.HAL_PCD_EP_Open
                0x0000000008001010       0x8a build/stm32h7xx_hal_pcd.o
                0x0000000008001010                HAL_PCD_EP_Open
 .text.HAL_PCD_EP_Close
                0x000000000800109a       0x72 build/stm32h7xx_hal_pcd.o
                0x000000000800109a                HAL_PCD_EP_Close
 .text.HAL_PCD_EP_Receive
                0x000000000800110c       0x4a build/stm32h7xx_hal_pcd.o
                0x000000000800110c                HAL_PCD_EP_Receive
 .text.HAL_PCD_EP_GetRxCount
                0x0000000008001156       0x12 build/stm32h7xx_hal_pcd.o
                0x0000000008001156                HAL_PCD_EP_GetRxCount
 .text.HAL_PCD_EP_Transmit
                0x0000000008001168       0x4a build/stm32h7xx_hal_pcd.o
                0x0000000008001168                HAL_PCD_EP_Transmit
 .text.HAL_PCD_EP_SetStall
                0x00000000080011b2       0x88 build/stm32h7xx_hal_pcd.o
                0x00000000080011b2                HAL_PCD_EP_SetStall
 .text.HAL_PCD_EP_ClrStall
                0x000000000800123a       0x76 build/stm32h7xx_hal_pcd.o
                0x000000000800123a                HAL_PCD_EP_ClrStall
 .text.HAL_PCD_EP_Abort
                0x00000000080012b0       0x34 build/stm32h7xx_hal_pcd.o
                0x00000000080012b0                HAL_PCD_EP_Abort
 .text.HAL_PCD_IRQHandler
                0x00000000080012e4      0x606 build/stm32h7xx_hal_pcd.o
                0x00000000080012e4                HAL_PCD_IRQHandler
 .text.HAL_PCDEx_SetTxFiFo
                0x00000000080018ea       0x4c build/stm32h7xx_hal_pcd_ex.o
                0x00000000080018ea                HAL_PCDEx_SetTxFiFo
 .text.HAL_PCDEx_SetRxFiFo
                0x0000000008001936        0x8 build/stm32h7xx_hal_pcd_ex.o
                0x0000000008001936                HAL_PCDEx_SetRxFiFo
 *fill*         0x000000000800193e        0x2 
 .text.HAL_PCDEx_ActivateLPM
                0x0000000008001940       0x28 build/stm32h7xx_hal_pcd_ex.o
                0x0000000008001940                HAL_PCDEx_ActivateLPM
 .text.HAL_PCDEx_LPM_Callback
                0x0000000008001968        0x2 build/stm32h7xx_hal_pcd_ex.o
                0x0000000008001968                HAL_PCDEx_LPM_Callback
 *fill*         0x000000000800196a        0x2 
 .text.USB_CoreReset
                0x000000000800196c       0x50 build/stm32h7xx_ll_usb.o
 .text.USB_CoreInit
                0x00000000080019bc       0x9c build/stm32h7xx_ll_usb.o
                0x00000000080019bc                USB_CoreInit
 .text.USB_SetTurnaroundTime
                0x0000000008001a58       0xe4 build/stm32h7xx_ll_usb.o
                0x0000000008001a58                USB_SetTurnaroundTime
 .text.USB_EnableGlobalInt
                0x0000000008001b3c        0xc build/stm32h7xx_ll_usb.o
                0x0000000008001b3c                USB_EnableGlobalInt
 .text.USB_DisableGlobalInt
                0x0000000008001b48        0xc build/stm32h7xx_ll_usb.o
                0x0000000008001b48                USB_DisableGlobalInt
 .text.USB_FlushTxFifo
                0x0000000008001b54       0x50 build/stm32h7xx_ll_usb.o
                0x0000000008001b54                USB_FlushTxFifo
 .text.USB_FlushRxFifo
                0x0000000008001ba4       0x4c build/stm32h7xx_ll_usb.o
                0x0000000008001ba4                USB_FlushRxFifo
 .text.USB_SetDevSpeed
                0x0000000008001bf0        0xe build/stm32h7xx_ll_usb.o
                0x0000000008001bf0                USB_SetDevSpeed
 *fill*         0x0000000008001bfe        0x2 
 .text.USB_DevInit
                0x0000000008001c00      0x188 build/stm32h7xx_ll_usb.o
                0x0000000008001c00                USB_DevInit
 .text.USB_GetDevSpeed
                0x0000000008001d88       0x1e build/stm32h7xx_ll_usb.o
                0x0000000008001d88                USB_GetDevSpeed
 *fill*         0x0000000008001da6        0x2 
 .text.USB_ActivateEndpoint
                0x0000000008001da8       0x9c build/stm32h7xx_ll_usb.o
                0x0000000008001da8                USB_ActivateEndpoint
 .text.USB_DeactivateEndpoint
                0x0000000008001e44       0xe0 build/stm32h7xx_ll_usb.o
                0x0000000008001e44                USB_DeactivateEndpoint
 .text.USB_EPStopXfer
                0x0000000008001f24       0xbe build/stm32h7xx_ll_usb.o
                0x0000000008001f24                USB_EPStopXfer
 .text.USB_WritePacket
                0x0000000008001fe2       0x2e build/stm32h7xx_ll_usb.o
                0x0000000008001fe2                USB_WritePacket
 .text.USB_EPStartXfer
                0x0000000008002010      0x23c build/stm32h7xx_ll_usb.o
                0x0000000008002010                USB_EPStartXfer
 .text.USB_ReadPacket
                0x000000000800224c       0x54 build/stm32h7xx_ll_usb.o
                0x000000000800224c                USB_ReadPacket
 .text.USB_EPSetStall
                0x00000000080022a0       0x5a build/stm32h7xx_ll_usb.o
                0x00000000080022a0                USB_EPSetStall
 .text.USB_EPClearStall
                0x00000000080022fa       0x5c build/stm32h7xx_ll_usb.o
                0x00000000080022fa                USB_EPClearStall
 .text.USB_SetDevAddress
                0x0000000008002356       0x20 build/stm32h7xx_ll_usb.o
                0x0000000008002356                USB_SetDevAddress
 .text.USB_DevConnect
                0x0000000008002376       0x1c build/stm32h7xx_ll_usb.o
                0x0000000008002376                USB_DevConnect
 .text.USB_DevDisconnect
                0x0000000008002392       0x1c build/stm32h7xx_ll_usb.o
                0x0000000008002392                USB_DevDisconnect
 .text.USB_ReadInterrupts
                0x00000000080023ae        0x8 build/stm32h7xx_ll_usb.o
                0x00000000080023ae                USB_ReadInterrupts
 .text.USB_ReadDevAllOutEpInterrupt
                0x00000000080023b6       0x10 build/stm32h7xx_ll_usb.o
                0x00000000080023b6                USB_ReadDevAllOutEpInterrupt
 .text.USB_ReadDevAllInEpInterrupt
                0x00000000080023c6       0x10 build/stm32h7xx_ll_usb.o
                0x00000000080023c6                USB_ReadDevAllInEpInterrupt
 .text.USB_ReadDevOutEPInterrupt
                0x00000000080023d6       0x12 build/stm32h7xx_ll_usb.o
                0x00000000080023d6                USB_ReadDevOutEPInterrupt
 .text.USB_ReadDevInEPInterrupt
                0x00000000080023e8       0x28 build/stm32h7xx_ll_usb.o
                0x00000000080023e8                USB_ReadDevInEPInterrupt
 .text.USB_GetMode
                0x0000000008002410        0x8 build/stm32h7xx_ll_usb.o
                0x0000000008002410                USB_GetMode
 .text.USB_SetCurrentMode
                0x0000000008002418       0x62 build/stm32h7xx_ll_usb.o
                0x0000000008002418                USB_SetCurrentMode
 *fill*         0x000000000800247a        0x2 
 .text.USB_ActivateSetup
                0x000000000800247c       0x20 build/stm32h7xx_ll_usb.o
                0x000000000800247c                USB_ActivateSetup
 .text.USB_EP0_OutStart
                0x000000000800249c       0x60 build/stm32h7xx_ll_usb.o
                0x000000000800249c                USB_EP0_OutStart
 .text.HAL_RCC_OscConfig
                0x00000000080024fc      0x6b4 build/stm32h7xx_hal_rcc.o
                0x00000000080024fc                HAL_RCC_OscConfig
 .text.HAL_RCC_GetSysClockFreq
                0x0000000008002bb0      0x1f4 build/stm32h7xx_hal_rcc.o
                0x0000000008002bb0                HAL_RCC_GetSysClockFreq
 .text.HAL_RCC_ClockConfig
                0x0000000008002da4      0x294 build/stm32h7xx_hal_rcc.o
                0x0000000008002da4                HAL_RCC_ClockConfig
 .text.HAL_RCC_GetHCLKFreq
                0x0000000008003038       0x44 build/stm32h7xx_hal_rcc.o
                0x0000000008003038                HAL_RCC_GetHCLKFreq
 .text.HAL_RCC_GetPCLK1Freq
                0x000000000800307c       0x24 build/stm32h7xx_hal_rcc.o
                0x000000000800307c                HAL_RCC_GetPCLK1Freq
 .text.RCCEx_PLL2_Config
                0x00000000080030a0      0x10c build/stm32h7xx_hal_rcc_ex.o
 .text.RCCEx_PLL3_Config
                0x00000000080031ac      0x10c build/stm32h7xx_hal_rcc_ex.o
 .text.HAL_RCCEx_PeriphCLKConfig
                0x00000000080032b8      0xa8c build/stm32h7xx_hal_rcc_ex.o
                0x00000000080032b8                HAL_RCCEx_PeriphCLKConfig
 .text.HAL_RCCEx_GetD3PCLK1Freq
                0x0000000008003d44       0x24 build/stm32h7xx_hal_rcc_ex.o
                0x0000000008003d44                HAL_RCCEx_GetD3PCLK1Freq
 .text.HAL_RCCEx_GetPLL2ClockFreq
                0x0000000008003d68      0x1f8 build/stm32h7xx_hal_rcc_ex.o
                0x0000000008003d68                HAL_RCCEx_GetPLL2ClockFreq
 .text.HAL_RCCEx_GetPLL3ClockFreq
                0x0000000008003f60      0x1f8 build/stm32h7xx_hal_rcc_ex.o
                0x0000000008003f60                HAL_RCCEx_GetPLL3ClockFreq
 .text.HAL_RCCEx_GetPLL1ClockFreq
                0x0000000008004158      0x1f8 build/stm32h7xx_hal_rcc_ex.o
                0x0000000008004158                HAL_RCCEx_GetPLL1ClockFreq
 .text.HAL_RCCEx_GetPeriphCLKFreq
                0x0000000008004350      0x6d0 build/stm32h7xx_hal_rcc_ex.o
                0x0000000008004350                HAL_RCCEx_GetPeriphCLKFreq
 .text.HAL_GPIO_Init
                0x0000000008004a20      0x220 build/stm32h7xx_hal_gpio.o
                0x0000000008004a20                HAL_GPIO_Init
 .text.HAL_GPIO_WritePin
                0x0000000008004c40        0xc build/stm32h7xx_hal_gpio.o
                0x0000000008004c40                HAL_GPIO_WritePin
 .text.HAL_PWREx_ConfigSupply
                0x0000000008004c4c       0x54 build/stm32h7xx_hal_pwr_ex.o
                0x0000000008004c4c                HAL_PWREx_ConfigSupply
 .text.HAL_PWREx_EnableUSBVoltageDetector
                0x0000000008004ca0       0x10 build/stm32h7xx_hal_pwr_ex.o
                0x0000000008004ca0                HAL_PWREx_EnableUSBVoltageDetector
 .text.HAL_NVIC_SetPriorityGrouping
                0x0000000008004cb0       0x24 build/stm32h7xx_hal_cortex.o
                0x0000000008004cb0                HAL_NVIC_SetPriorityGrouping
 .text.HAL_NVIC_SetPriority
                0x0000000008004cd4       0x6c build/stm32h7xx_hal_cortex.o
                0x0000000008004cd4                HAL_NVIC_SetPriority
 .text.HAL_NVIC_EnableIRQ
                0x0000000008004d40       0x1c build/stm32h7xx_hal_cortex.o
                0x0000000008004d40                HAL_NVIC_EnableIRQ
 .text.HAL_SYSTICK_Config
                0x0000000008004d5c       0x28 build/stm32h7xx_hal_cortex.o
                0x0000000008004d5c                HAL_SYSTICK_Config
 .text.HAL_MPU_Disable
                0x0000000008004d84       0x1c build/stm32h7xx_hal_cortex.o
                0x0000000008004d84                HAL_MPU_Disable
 .text.HAL_MPU_Enable
                0x0000000008004da0       0x20 build/stm32h7xx_hal_cortex.o
                0x0000000008004da0                HAL_MPU_Enable
 .text.HAL_MPU_ConfigRegion
                0x0000000008004dc0       0x60 build/stm32h7xx_hal_cortex.o
                0x0000000008004dc0                HAL_MPU_ConfigRegion
 .text.HAL_InitTick
                0x0000000008004e20       0x50 build/stm32h7xx_hal.o
                0x0000000008004e20                HAL_InitTick
 .text.HAL_Init
                0x0000000008004e70       0x5c build/stm32h7xx_hal.o
                0x0000000008004e70                HAL_Init
 .text.HAL_IncTick
                0x0000000008004ecc       0x18 build/stm32h7xx_hal.o
                0x0000000008004ecc                HAL_IncTick
 .text.HAL_GetTick
                0x0000000008004ee4        0xc build/stm32h7xx_hal.o
                0x0000000008004ee4                HAL_GetTick
 .text.HAL_Delay
                0x0000000008004ef0       0x28 build/stm32h7xx_hal.o
                0x0000000008004ef0                HAL_Delay
 .text.HAL_GetREVID
                0x0000000008004f18        0xc build/stm32h7xx_hal.o
                0x0000000008004f18                HAL_GetREVID
 .text.HAL_I2C_Init
                0x0000000008004f24       0xbc build/stm32h7xx_hal_i2c.o
                0x0000000008004f24                HAL_I2C_Init
 .text.HAL_I2CEx_ConfigAnalogFilter
                0x0000000008004fe0       0x5c build/stm32h7xx_hal_i2c_ex.o
                0x0000000008004fe0                HAL_I2CEx_ConfigAnalogFilter
 .text.HAL_I2CEx_ConfigDigitalFilter
                0x000000000800503c       0x58 build/stm32h7xx_hal_i2c_ex.o
                0x000000000800503c                HAL_I2CEx_ConfigDigitalFilter
 .text.HAL_I2S_Init
                0x0000000008005094      0x17c build/stm32h7xx_hal_i2s.o
                0x0000000008005094                HAL_I2S_Init
 .text.SystemInit
                0x0000000008005210       0xcc build/system_stm32h7xx.o
                0x0000000008005210                SystemInit
 .text.USBD_Init
                0x00000000080052dc       0x2e build/usbd_core.o
                0x00000000080052dc                USBD_Init
 .text.USBD_RegisterClass
                0x000000000800530a       0x34 build/usbd_core.o
                0x000000000800530a                USBD_RegisterClass
 .text.USBD_Start
                0x000000000800533e        0x8 build/usbd_core.o
                0x000000000800533e                USBD_Start
 .text.USBD_SetClassConfig
                0x0000000008005346       0x12 build/usbd_core.o
                0x0000000008005346                USBD_SetClassConfig
 .text.USBD_ClrClassConfig
                0x0000000008005358       0x12 build/usbd_core.o
                0x0000000008005358                USBD_ClrClassConfig
 .text.USBD_LL_SetupStage
                0x000000000800536a       0x58 build/usbd_core.o
                0x000000000800536a                USBD_LL_SetupStage
 .text.USBD_LL_Reset
                0x00000000080053c2       0x64 build/usbd_core.o
                0x00000000080053c2                USBD_LL_Reset
 .text.USBD_LL_SetSpeed
                0x0000000008005426        0x6 build/usbd_core.o
                0x0000000008005426                USBD_LL_SetSpeed
 .text.USBD_LL_Suspend
                0x000000000800542c       0x1e build/usbd_core.o
                0x000000000800542c                USBD_LL_Suspend
 .text.USBD_LL_Resume
                0x000000000800544a       0x1a build/usbd_core.o
                0x000000000800544a                USBD_LL_Resume
 .text.USBD_LL_SOF
                0x0000000008005464       0x22 build/usbd_core.o
                0x0000000008005464                USBD_LL_SOF
 .text.USBD_LL_IsoINIncomplete
                0x0000000008005486       0x2e build/usbd_core.o
                0x0000000008005486                USBD_LL_IsoINIncomplete
 .text.USBD_LL_IsoOUTIncomplete
                0x00000000080054b4       0x2e build/usbd_core.o
                0x00000000080054b4                USBD_LL_IsoOUTIncomplete
 .text.USBD_LL_DevConnected
                0x00000000080054e2        0x4 build/usbd_core.o
                0x00000000080054e2                USBD_LL_DevConnected
 .text.USBD_LL_DevDisconnected
                0x00000000080054e6       0x20 build/usbd_core.o
                0x00000000080054e6                USBD_LL_DevDisconnected
 .text.USBD_CoreFindIF
                0x0000000008005506        0x4 build/usbd_core.o
                0x0000000008005506                USBD_CoreFindIF
 .text.USBD_CoreFindEP
                0x000000000800550a        0x4 build/usbd_core.o
                0x000000000800550a                USBD_CoreFindEP
 .text.USBD_LL_DataOutStage
                0x000000000800550e       0xc6 build/usbd_core.o
                0x000000000800550e                USBD_LL_DataOutStage
 .text.USBD_LL_DataInStage
                0x00000000080055d4       0xd6 build/usbd_core.o
                0x00000000080055d4                USBD_LL_DataInStage
 .text.USBD_GetNextDesc
                0x00000000080056aa        0xe build/usbd_core.o
                0x00000000080056aa                USBD_GetNextDesc
 .text.USBD_GetEpDesc
                0x00000000080056b8       0x3e build/usbd_core.o
                0x00000000080056b8                USBD_GetEpDesc
 .text.USBD_GetLen
                0x00000000080056f6       0x14 build/usbd_ctlreq.o
 .text.USBD_ParseSetupRequest
                0x000000000800570a       0x28 build/usbd_ctlreq.o
                0x000000000800570a                USBD_ParseSetupRequest
 .text.USBD_CtlError
                0x0000000008005732       0x14 build/usbd_ctlreq.o
                0x0000000008005732                USBD_CtlError
 .text.USBD_GetDescriptor
                0x0000000008005746      0x1ac build/usbd_ctlreq.o
 .text.USBD_SetAddress
                0x00000000080058f2       0x50 build/usbd_ctlreq.o
 *fill*         0x0000000008005942        0x2 
 .text.USBD_SetConfig
                0x0000000008005944       0xcc build/usbd_ctlreq.o
 .text.USBD_GetConfig
                0x0000000008005a10       0x40 build/usbd_ctlreq.o
 .text.USBD_GetStatus
                0x0000000008005a50       0x38 build/usbd_ctlreq.o
 .text.USBD_SetFeature
                0x0000000008005a88       0x2a build/usbd_ctlreq.o
 .text.USBD_ClrFeature
                0x0000000008005ab2       0x26 build/usbd_ctlreq.o
 .text.USBD_StdDevReq
                0x0000000008005ad8       0x76 build/usbd_ctlreq.o
                0x0000000008005ad8                USBD_StdDevReq
 .text.USBD_StdItfReq
                0x0000000008005b4e       0x84 build/usbd_ctlreq.o
                0x0000000008005b4e                USBD_StdItfReq
 .text.USBD_StdEPReq
                0x0000000008005bd2      0x232 build/usbd_ctlreq.o
                0x0000000008005bd2                USBD_StdEPReq
 .text.USBD_GetString
                0x0000000008005e04       0x3a build/usbd_ctlreq.o
                0x0000000008005e04                USBD_GetString
 .text.USBD_CtlSendData
                0x0000000008005e3e       0x1a build/usbd_ioreq.o
                0x0000000008005e3e                USBD_CtlSendData
 .text.USBD_CtlContinueSendData
                0x0000000008005e58       0x10 build/usbd_ioreq.o
                0x0000000008005e58                USBD_CtlContinueSendData
 .text.USBD_CtlPrepareRx
                0x0000000008005e68       0x1e build/usbd_ioreq.o
                0x0000000008005e68                USBD_CtlPrepareRx
 .text.USBD_CtlContinueRx
                0x0000000008005e86       0x10 build/usbd_ioreq.o
                0x0000000008005e86                USBD_CtlContinueRx
 .text.USBD_CtlSendStatus
                0x0000000008005e96       0x16 build/usbd_ioreq.o
                0x0000000008005e96                USBD_CtlSendStatus
 .text.USBD_CtlReceiveStatus
                0x0000000008005eac       0x16 build/usbd_ioreq.o
                0x0000000008005eac                USBD_CtlReceiveStatus
 .text.USBD_CDC_EP0_RxReady
                0x0000000008005ec2       0x40 build/usbd_cdc.o
 *fill*         0x0000000008005f02        0x2 
 .text.USBD_CDC_GetDeviceQualifierDescriptor
                0x0000000008005f04        0xc build/usbd_cdc.o
                0x0000000008005f04                USBD_CDC_GetDeviceQualifierDescriptor
 .text.USBD_CDC_GetOtherSpeedCfgDesc
                0x0000000008005f10       0x48 build/usbd_cdc.o
 .text.USBD_CDC_GetFSCfgDesc
                0x0000000008005f58       0x48 build/usbd_cdc.o
 .text.USBD_CDC_GetHSCfgDesc
                0x0000000008005fa0       0x48 build/usbd_cdc.o
 .text.USBD_CDC_DataOut
                0x0000000008005fe8       0x38 build/usbd_cdc.o
 .text.USBD_CDC_DataIn
                0x0000000008006020       0x7c build/usbd_cdc.o
 .text.USBD_CDC_Setup
                0x000000000800609c      0x11a build/usbd_cdc.o
 .text.USBD_CDC_DeInit
                0x00000000080061b6       0x64 build/usbd_cdc.o
 .text.USBD_CDC_Init
                0x000000000800621a       0xee build/usbd_cdc.o
 .text.USBD_CDC_RegisterInterface
                0x0000000008006308       0x16 build/usbd_cdc.o
                0x0000000008006308                USBD_CDC_RegisterInterface
 .text.USBD_CDC_SetTxBuffer
                0x000000000800631e       0x1c build/usbd_cdc.o
                0x000000000800631e                USBD_CDC_SetTxBuffer
 .text.USBD_CDC_SetRxBuffer
                0x000000000800633a       0x18 build/usbd_cdc.o
                0x000000000800633a                USBD_CDC_SetRxBuffer
 .text.USBD_CDC_ReceivePacket
                0x0000000008006352       0x38 build/usbd_cdc.o
                0x0000000008006352                USBD_CDC_ReceivePacket
 *fill*         0x000000000800638a        0x2 
 .text.Reset_Handler
                0x000000000800638c       0x50 build/startup_stm32h743xx.o
                0x000000000800638c                Reset_Handler
 .text.Default_Handler
                0x00000000080063dc        0x2 build/startup_stm32h743xx.o
                0x00000000080063dc                RTC_Alarm_IRQHandler
                0x00000000080063dc                EXTI2_IRQHandler
                0x00000000080063dc                TIM8_CC_IRQHandler
                0x00000000080063dc                HRTIM1_Master_IRQHandler
                0x00000000080063dc                UART8_IRQHandler
                0x00000000080063dc                SPI4_IRQHandler
                0x00000000080063dc                TIM1_CC_IRQHandler
                0x00000000080063dc                BDMA_Channel6_IRQHandler
                0x00000000080063dc                DMA2_Stream5_IRQHandler
                0x00000000080063dc                HRTIM1_FLT_IRQHandler
                0x00000000080063dc                JPEG_IRQHandler
                0x00000000080063dc                DMA1_Stream5_IRQHandler
                0x00000000080063dc                BDMA_Channel1_IRQHandler
                0x00000000080063dc                HRTIM1_TIMD_IRQHandler
                0x00000000080063dc                TAMP_STAMP_IRQHandler
                0x00000000080063dc                EXTI3_IRQHandler
                0x00000000080063dc                LPTIM4_IRQHandler
                0x00000000080063dc                TIM8_TRG_COM_TIM14_IRQHandler
                0x00000000080063dc                LPTIM2_IRQHandler
                0x00000000080063dc                DFSDM1_FLT1_IRQHandler
                0x00000000080063dc                DMAMUX2_OVR_IRQHandler
                0x00000000080063dc                TIM8_UP_TIM13_IRQHandler
                0x00000000080063dc                I2C3_ER_IRQHandler
                0x00000000080063dc                DFSDM1_FLT2_IRQHandler
                0x00000000080063dc                MDMA_IRQHandler
                0x00000000080063dc                LPTIM3_IRQHandler
                0x00000000080063dc                HSEM1_IRQHandler
                0x00000000080063dc                EXTI0_IRQHandler
                0x00000000080063dc                I2C2_EV_IRQHandler
                0x00000000080063dc                DMA1_Stream2_IRQHandler
                0x00000000080063dc                FPU_IRQHandler
                0x00000000080063dc                OTG_HS_WKUP_IRQHandler
                0x00000000080063dc                FDCAN1_IT1_IRQHandler
                0x00000000080063dc                LTDC_ER_IRQHandler
                0x00000000080063dc                DMA2_Stream2_IRQHandler
                0x00000000080063dc                HRTIM1_TIME_IRQHandler
                0x00000000080063dc                SPI1_IRQHandler
                0x00000000080063dc                TIM6_DAC_IRQHandler
                0x00000000080063dc                DCMI_IRQHandler
                0x00000000080063dc                HRTIM1_TIMC_IRQHandler
                0x00000000080063dc                DMA2_Stream3_IRQHandler
                0x00000000080063dc                SAI2_IRQHandler
                0x00000000080063dc                DFSDM1_FLT3_IRQHandler
                0x00000000080063dc                USART6_IRQHandler
                0x00000000080063dc                TIM17_IRQHandler
                0x00000000080063dc                USART3_IRQHandler
                0x00000000080063dc                BDMA_Channel7_IRQHandler
                0x00000000080063dc                LPTIM5_IRQHandler
                0x00000000080063dc                UART5_IRQHandler
                0x00000000080063dc                ADC3_IRQHandler
                0x00000000080063dc                DMA2_Stream0_IRQHandler
                0x00000000080063dc                TIM4_IRQHandler
                0x00000000080063dc                BDMA_Channel2_IRQHandler
                0x00000000080063dc                QUADSPI_IRQHandler
                0x00000000080063dc                I2C1_EV_IRQHandler
                0x00000000080063dc                DMA1_Stream6_IRQHandler
                0x00000000080063dc                DMAMUX1_OVR_IRQHandler
                0x00000000080063dc                DMA1_Stream1_IRQHandler
                0x00000000080063dc                TIM16_IRQHandler
                0x00000000080063dc                UART4_IRQHandler
                0x00000000080063dc                BDMA_Channel5_IRQHandler
                0x00000000080063dc                TIM3_IRQHandler
                0x00000000080063dc                RCC_IRQHandler
                0x00000000080063dc                TIM8_BRK_TIM12_IRQHandler
                0x00000000080063dc                TIM1_TRG_COM_IRQHandler
                0x00000000080063dc                Default_Handler
                0x00000000080063dc                ECC_IRQHandler
                0x00000000080063dc                CEC_IRQHandler
                0x00000000080063dc                EXTI15_10_IRQHandler
                0x00000000080063dc                BDMA_Channel0_IRQHandler
                0x00000000080063dc                ADC_IRQHandler
                0x00000000080063dc                DMA1_Stream7_IRQHandler
                0x00000000080063dc                HRTIM1_TIMA_IRQHandler
                0x00000000080063dc                SPI5_IRQHandler
                0x00000000080063dc                TIM7_IRQHandler
                0x00000000080063dc                SDMMC1_IRQHandler
                0x00000000080063dc                TIM5_IRQHandler
                0x00000000080063dc                DMA2_Stream7_IRQHandler
                0x00000000080063dc                TIM15_IRQHandler
                0x00000000080063dc                PVD_AVD_IRQHandler
                0x00000000080063dc                I2C3_EV_IRQHandler
                0x00000000080063dc                EXTI9_5_IRQHandler
                0x00000000080063dc                RTC_WKUP_IRQHandler
                0x00000000080063dc                LTDC_IRQHandler
                0x00000000080063dc                SAI3_IRQHandler
                0x00000000080063dc                ETH_WKUP_IRQHandler
                0x00000000080063dc                SPDIF_RX_IRQHandler
                0x00000000080063dc                SPI2_IRQHandler
                0x00000000080063dc                OTG_HS_EP1_IN_IRQHandler
                0x00000000080063dc                DMA1_Stream0_IRQHandler
                0x00000000080063dc                CRS_IRQHandler
                0x00000000080063dc                EXTI4_IRQHandler
                0x00000000080063dc                RNG_IRQHandler
                0x00000000080063dc                HRTIM1_TIMB_IRQHandler
                0x00000000080063dc                FDCAN2_IT1_IRQHandler
                0x00000000080063dc                ETH_IRQHandler
                0x00000000080063dc                TIM1_UP_IRQHandler
                0x00000000080063dc                BDMA_Channel4_IRQHandler
                0x00000000080063dc                OTG_HS_EP1_OUT_IRQHandler
                0x00000000080063dc                WWDG_IRQHandler
                0x00000000080063dc                SPI6_IRQHandler
                0x00000000080063dc                MDIOS_IRQHandler
                0x00000000080063dc                I2C4_EV_IRQHandler
                0x00000000080063dc                FDCAN2_IT0_IRQHandler
                0x00000000080063dc                LPUART1_IRQHandler
                0x00000000080063dc                FDCAN1_IT0_IRQHandler
                0x00000000080063dc                TIM2_IRQHandler
                0x00000000080063dc                OTG_FS_WKUP_IRQHandler
                0x00000000080063dc                OTG_HS_IRQHandler
                0x00000000080063dc                DMA2D_IRQHandler
                0x00000000080063dc                TIM1_BRK_IRQHandler
                0x00000000080063dc                EXTI1_IRQHandler
                0x00000000080063dc                SDMMC2_IRQHandler
                0x00000000080063dc                OTG_FS_EP1_OUT_IRQHandler
                0x00000000080063dc                BDMA_Channel3_IRQHandler
                0x00000000080063dc                UART7_IRQHandler
                0x00000000080063dc                MDIOS_WKUP_IRQHandler
                0x00000000080063dc                USART2_IRQHandler
                0x00000000080063dc                DFSDM1_FLT0_IRQHandler
                0x00000000080063dc                SAI4_IRQHandler
                0x00000000080063dc                I2C2_ER_IRQHandler
                0x00000000080063dc                DMA2_Stream1_IRQHandler
                0x00000000080063dc                FLASH_IRQHandler
                0x00000000080063dc                DMA2_Stream4_IRQHandler
                0x00000000080063dc                USART1_IRQHandler
                0x00000000080063dc                SPI3_IRQHandler
                0x00000000080063dc                WAKEUP_PIN_IRQHandler
                0x00000000080063dc                DMA1_Stream4_IRQHandler
                0x00000000080063dc                OTG_FS_EP1_IN_IRQHandler
                0x00000000080063dc                I2C1_ER_IRQHandler
                0x00000000080063dc                FMC_IRQHandler
                0x00000000080063dc                FDCAN_CAL_IRQHandler
                0x00000000080063dc                SWPMI1_IRQHandler
                0x00000000080063dc                COMP1_IRQHandler
                0x00000000080063dc                LPTIM1_IRQHandler
                0x00000000080063dc                I2C4_ER_IRQHandler
                0x00000000080063dc                DMA2_Stream6_IRQHandler
                0x00000000080063dc                SAI1_IRQHandler
                0x00000000080063dc                DMA1_Stream3_IRQHandler
 *fill*         0x00000000080063de        0x2 
 .text.__libc_init_array
                0x00000000080063e0       0x48 /usr/local/share/gcc-arm-none-eabi-10.3-2021.10/bin/../lib/gcc/arm-none-eabi/10.3.1/../../../../arm-none-eabi/lib/thumb/v7e-m+dp/hard/libc_nano.a(lib_a-init.o)
                0x00000000080063e0                __libc_init_array
 .text.memset   0x0000000008006428       0x10 /usr/local/share/gcc-arm-none-eabi-10.3-2021.10/bin/../lib/gcc/arm-none-eabi/10.3.1/../../../../arm-none-eabi/lib/thumb/v7e-m+dp/hard/libc_nano.a(lib_a-memset.o)
                0x0000000008006428                memset
 *(.glue_7)
 .glue_7        0x0000000008006438        0x0 linker stubs
 *(.glue_7t)
 .glue_7t       0x0000000008006438        0x0 linker stubs
 *(.eh_frame)
 .eh_frame      0x0000000008006438        0x0 /usr/local/share/gcc-arm-none-eabi-10.3-2021.10/bin/../lib/gcc/arm-none-eabi/10.3.1/thumb/v7e-m+dp/hard/crtbegin.o
 *(.init)
 .init          0x0000000008006438        0x4 /usr/local/share/gcc-arm-none-eabi-10.3-2021.10/bin/../lib/gcc/arm-none-eabi/10.3.1/thumb/v7e-m+dp/hard/crti.o
                0x0000000008006438                _init
 .init          0x000000000800643c        0x8 /usr/local/share/gcc-arm-none-eabi-10.3-2021.10/bin/../lib/gcc/arm-none-eabi/10.3.1/thumb/v7e-m+dp/hard/crtn.o
 *(.fini)
 .fini          0x0000000008006444        0x4 /usr/local/share/gcc-arm-none-eabi-10.3-2021.10/bin/../lib/gcc/arm-none-eabi/10.3.1/thumb/v7e-m+dp/hard/crti.o
                0x0000000008006444                _fini
 .fini          0x0000000008006448        0x8 /usr/local/share/gcc-arm-none-eabi-10.3-2021.10/bin/../lib/gcc/arm-none-eabi/10.3.1/thumb/v7e-m+dp/hard/crtn.o
                0x0000000008006450                . = ALIGN (0x4)
                0x0000000008006450                _etext = .

.vfp11_veneer   0x0000000008006450        0x0
 .vfp11_veneer  0x0000000008006450        0x0 linker stubs

.v4_bx          0x0000000008006450        0x0
 .v4_bx         0x0000000008006450        0x0 linker stubs

.iplt           0x0000000008006450        0x0
 .iplt          0x0000000008006450        0x0 /usr/local/share/gcc-arm-none-eabi-10.3-2021.10/bin/../lib/gcc/arm-none-eabi/10.3.1/thumb/v7e-m+dp/hard/crtbegin.o

.rodata         0x0000000008006450       0x58
                0x0000000008006450                . = ALIGN (0x4)
 *(.rodata)
 *(.rodata*)
 .rodata.USBD_FS_ProductStrDescriptor.str1.4
                0x0000000008006450       0x16 build/usbd_desc.o
 *fill*         0x0000000008006466        0x2 
 .rodata.USBD_FS_ManufacturerStrDescriptor.str1.4
                0x0000000008006468       0x13 build/usbd_desc.o
 *fill*         0x000000000800647b        0x1 
 .rodata.USBD_FS_ConfigStrDescriptor.str1.4
                0x000000000800647c        0xb build/usbd_desc.o
 *fill*         0x0000000008006487        0x1 
 .rodata.USBD_FS_InterfaceStrDescriptor.str1.4
                0x0000000008006488        0xe build/usbd_desc.o
 *fill*         0x0000000008006496        0x2 
 .rodata.D1CorePrescTable
                0x0000000008006498       0x10 build/system_stm32h7xx.o
                0x0000000008006498                D1CorePrescTable
                0x00000000080064a8                . = ALIGN (0x4)

.rel.dyn        0x00000000080064a8        0x0
 .rel.iplt      0x00000000080064a8        0x0 /usr/local/share/gcc-arm-none-eabi-10.3-2021.10/bin/../lib/gcc/arm-none-eabi/10.3.1/thumb/v7e-m+dp/hard/crtbegin.o

.ARM.extab
 *(.ARM.extab* .gnu.linkonce.armextab.*)

.ARM            0x00000000080064a8        0x0
                0x00000000080064a8                __exidx_start = .
 *(.ARM.exidx*)
                0x00000000080064a8                __exidx_end = .

.preinit_array  0x00000000080064a8        0x0
                0x00000000080064a8                PROVIDE (__preinit_array_start = .)
 *(.preinit_array*)
                0x00000000080064a8                PROVIDE (__preinit_array_end = .)

.init_array     0x00000000080064a8        0x4
                0x00000000080064a8                PROVIDE (__init_array_start = .)
 *(SORT_BY_NAME(.init_array.*))
 *(.init_array*)
 .init_array    0x00000000080064a8        0x4 /usr/local/share/gcc-arm-none-eabi-10.3-2021.10/bin/../lib/gcc/arm-none-eabi/10.3.1/thumb/v7e-m+dp/hard/crtbegin.o
                0x00000000080064ac                PROVIDE (__init_array_end = .)

.fini_array     0x00000000080064ac        0x4
                [!provide]                        PROVIDE (__fini_array_start = .)
 *(SORT_BY_NAME(.fini_array.*))
 *(.fini_array*)
 .fini_array    0x00000000080064ac        0x4 /usr/local/share/gcc-arm-none-eabi-10.3-2021.10/bin/../lib/gcc/arm-none-eabi/10.3.1/thumb/v7e-m+dp/hard/crtbegin.o
                [!provide]                        PROVIDE (__fini_array_end = .)
                0x00000000080064b0                _sidata = LOADADDR (.data)

.data           0x0000000020000000      0x100 load address 0x00000000080064b0
                0x0000000020000000                . = ALIGN (0x4)
                0x0000000020000000                _sdata = .
 *(.data)
 *(.data*)
 .data.FS_Desc  0x0000000020000000       0x20 build/usbd_desc.o
                0x0000000020000000                FS_Desc
 .data.USBD_FS_DeviceDesc
                0x0000000020000020       0x12 build/usbd_desc.o
                0x0000000020000020                USBD_FS_DeviceDesc
 *fill*         0x0000000020000032        0x2 
 .data.USBD_LangIDDesc
                0x0000000020000034        0x4 build/usbd_desc.o
                0x0000000020000034                USBD_LangIDDesc
 .data.USBD_StringSerial
                0x0000000020000038       0x1a build/usbd_desc.o
                0x0000000020000038                USBD_StringSerial
 *fill*         0x0000000020000052        0x2 
 .data.USBD_Interface_fops_FS
                0x0000000020000054       0x14 build/usbd_cdc_if.o
                0x0000000020000054                USBD_Interface_fops_FS
 .data.uwTickFreq
                0x0000000020000068        0x1 build/stm32h7xx_hal.o
                0x0000000020000068                uwTickFreq
 *fill*         0x0000000020000069        0x3 
 .data.uwTickPrio
                0x000000002000006c        0x4 build/stm32h7xx_hal.o
                0x000000002000006c                uwTickPrio
 .data.SystemCoreClock
                0x0000000020000070        0x4 build/system_stm32h7xx.o
                0x0000000020000070                SystemCoreClock
 .data.SystemD2Clock
                0x0000000020000074        0x4 build/system_stm32h7xx.o
                0x0000000020000074                SystemD2Clock
 .data.USBD_CDC
                0x0000000020000078       0x38 build/usbd_cdc.o
                0x0000000020000078                USBD_CDC
 .data.USBD_CDC_CfgDesc
                0x00000000200000b0       0x43 build/usbd_cdc.o
 *fill*         0x00000000200000f3        0x1 
 .data.USBD_CDC_DeviceQualifierDesc
                0x00000000200000f4        0xa build/usbd_cdc.o
                0x0000000020000100                . = ALIGN (0x4)
 *fill*         0x00000000200000fe        0x2 
                0x0000000020000100                _edata = .

.igot.plt       0x0000000020000100        0x0 load address 0x00000000080065b0
 .igot.plt      0x0000000020000100        0x0 /usr/local/share/gcc-arm-none-eabi-10.3-2021.10/bin/../lib/gcc/arm-none-eabi/10.3.1/thumb/v7e-m+dp/hard/crtbegin.o
                0x0000000020000100                . = ALIGN (0x4)

.bss            0x0000000020000100     0x1cd4 load address 0x00000000080065b0
                0x0000000020000100                _sbss = .
                0x0000000020000100                __bss_start__ = _sbss
 *(.bss)
 .bss           0x0000000020000100       0x1c /usr/local/share/gcc-arm-none-eabi-10.3-2021.10/bin/../lib/gcc/arm-none-eabi/10.3.1/thumb/v7e-m+dp/hard/crtbegin.o
 *(.bss*)
 .bss.hi2c2     0x000000002000011c       0x54 build/main.o
                0x000000002000011c                hi2c2
 .bss.hi2s1     0x0000000020000170       0x54 build/main.o
                0x0000000020000170                hi2s1
 .bss.hUsbDeviceFS
                0x00000000200001c4      0x2dc build/usb_device.o
                0x00000000200001c4                hUsbDeviceFS
 .bss.USBD_StrDesc
                0x00000000200004a0      0x200 build/usbd_desc.o
                0x00000000200004a0                USBD_StrDesc
 .bss.UserRxBufferFS
                0x00000000200006a0      0x800 build/usbd_cdc_if.o
                0x00000000200006a0                UserRxBufferFS
 .bss.UserTxBufferFS
                0x0000000020000ea0      0x800 build/usbd_cdc_if.o
                0x0000000020000ea0                UserTxBufferFS
 .bss.hpcd_USB_OTG_FS
                0x00000000200016a0      0x50c build/usbd_conf.o
                0x00000000200016a0                hpcd_USB_OTG_FS
 .bss.mem.0     0x0000000020001bac      0x220 build/usbd_conf.o
 .bss.uwTick    0x0000000020001dcc        0x4 build/stm32h7xx_hal.o
                0x0000000020001dcc                uwTick
 .bss.cfgidx.0  0x0000000020001dd0        0x1 build/usbd_ctlreq.o
 *(COMMON)
                0x0000000020001dd4                . = ALIGN (0x4)
 *fill*         0x0000000020001dd1        0x3 
                0x0000000020001dd4                _ebss = .
                0x0000000020001dd4                __bss_end__ = _ebss

._user_heap_stack
                0x0000000020001dd4      0x604 load address 0x00000000080065b0
                0x0000000020001dd8                . = ALIGN (0x8)
 *fill*         0x0000000020001dd4        0x4 
                [!provide]                        PROVIDE (end = .)
                [!provide]                        PROVIDE (_end = .)
                0x0000000020001fd8                . = (. + _Min_Heap_Size)
 *fill*         0x0000000020001dd8      0x200 
                0x00000000200023d8                . = (. + _Min_Stack_Size)
 *fill*         0x0000000020001fd8      0x400 
                0x00000000200023d8                . = ALIGN (0x8)

/DISCARD/
 libc.a(*)
 libm.a(*)
 libgcc.a(*)

.ARM.attributes
                0x0000000000000000       0x2e
 *(.ARM.attributes)
 .ARM.attributes
                0x0000000000000000       0x1e /usr/local/share/gcc-arm-none-eabi-10.3-2021.10/bin/../lib/gcc/arm-none-eabi/10.3.1/thumb/v7e-m+dp/hard/crti.o
 .ARM.attributes
                0x000000000000001e       0x32 /usr/local/share/gcc-arm-none-eabi-10.3-2021.10/bin/../lib/gcc/arm-none-eabi/10.3.1/thumb/v7e-m+dp/hard/crtbegin.o
 .ARM.attributes
                0x0000000000000050       0x32 build/main.o
 .ARM.attributes
                0x0000000000000082       0x32 build/stm32h7xx_it.o
 .ARM.attributes
                0x00000000000000b4       0x32 build/stm32h7xx_hal_msp.o
 .ARM.attributes
                0x00000000000000e6       0x32 build/usb_device.o
 .ARM.attributes
                0x0000000000000118       0x32 build/usbd_desc.o
 .ARM.attributes
                0x000000000000014a       0x32 build/usbd_cdc_if.o
 .ARM.attributes
                0x000000000000017c       0x32 build/usbd_conf.o
 .ARM.attributes
                0x00000000000001ae       0x32 build/stm32h7xx_hal_pcd.o
 .ARM.attributes
                0x00000000000001e0       0x32 build/stm32h7xx_hal_pcd_ex.o
 .ARM.attributes
                0x0000000000000212       0x32 build/stm32h7xx_ll_usb.o
 .ARM.attributes
                0x0000000000000244       0x32 build/stm32h7xx_hal_rcc.o
 .ARM.attributes
                0x0000000000000276       0x32 build/stm32h7xx_hal_rcc_ex.o
 .ARM.attributes
                0x00000000000002a8       0x32 build/stm32h7xx_hal_gpio.o
 .ARM.attributes
                0x00000000000002da       0x32 build/stm32h7xx_hal_pwr_ex.o
 .ARM.attributes
                0x000000000000030c       0x32 build/stm32h7xx_hal_cortex.o
 .ARM.attributes
                0x000000000000033e       0x32 build/stm32h7xx_hal.o
 .ARM.attributes
                0x0000000000000370       0x32 build/stm32h7xx_hal_i2c.o
 .ARM.attributes
                0x00000000000003a2       0x32 build/stm32h7xx_hal_i2c_ex.o
 .ARM.attributes
                0x00000000000003d4       0x32 build/stm32h7xx_hal_i2s.o
 .ARM.attributes
                0x0000000000000406       0x32 build/system_stm32h7xx.o
 .ARM.attributes
                0x0000000000000438       0x32 build/usbd_core.o
 .ARM.attributes
                0x000000000000046a       0x32 build/usbd_ctlreq.o
 .ARM.attributes
                0x000000000000049c       0x32 build/usbd_ioreq.o
 .ARM.attributes
                0x00000000000004ce       0x32 build/usbd_cdc.o
 .ARM.attributes
                0x0000000000000500       0x21 build/startup_stm32h743xx.o
 .ARM.attributes
                0x0000000000000521       0x32 /usr/local/share/gcc-arm-none-eabi-10.3-2021.10/bin/../lib/gcc/arm-none-eabi/10.3.1/../../../../arm-none-eabi/lib/thumb/v7e-m+dp/hard/libc_nano.a(lib_a-init.o)
 .ARM.attributes
                0x0000000000000553       0x32 /usr/local/share/gcc-arm-none-eabi-10.3-2021.10/bin/../lib/gcc/arm-none-eabi/10.3.1/../../../../arm-none-eabi/lib/thumb/v7e-m+dp/hard/libc_nano.a(lib_a-memset.o)
 .ARM.attributes
                0x0000000000000585       0x1e /usr/local/share/gcc-arm-none-eabi-10.3-2021.10/bin/../lib/gcc/arm-none-eabi/10.3.1/thumb/v7e-m+dp/hard/crtn.o
OUTPUT(build/EFX_PCB_Source.elf elf32-littlearm)
LOAD linker stubs
LOAD /usr/local/share/gcc-arm-none-eabi-10.3-2021.10/bin/../lib/gcc/arm-none-eabi/10.3.1/../../../../arm-none-eabi/lib/thumb/v7e-m+dp/hard/libc.a
LOAD /usr/local/share/gcc-arm-none-eabi-10.3-2021.10/bin/../lib/gcc/arm-none-eabi/10.3.1/../../../../arm-none-eabi/lib/thumb/v7e-m+dp/hard/libm.a
LOAD /usr/local/share/gcc-arm-none-eabi-10.3-2021.10/bin/../lib/gcc/arm-none-eabi/10.3.1/thumb/v7e-m+dp/hard/libgcc.a

.debug_info     0x0000000000000000    0x21173
 .debug_info    0x0000000000000000     0x194f build/main.o
 .debug_info    0x000000000000194f      0x7ca build/stm32h7xx_it.o
 .debug_info    0x0000000000002119     0x1749 build/stm32h7xx_hal_msp.o
 .debug_info    0x0000000000003862      0x878 build/usb_device.o
 .debug_info    0x00000000000040da      0x682 build/usbd_desc.o
 .debug_info    0x000000000000475c      0xac7 build/usbd_cdc_if.o
 .debug_info    0x0000000000005223     0x2c1f build/usbd_conf.o
 .debug_info    0x0000000000007e42     0x1d57 build/stm32h7xx_hal_pcd.o
 .debug_info    0x0000000000009b99      0xb31 build/stm32h7xx_hal_pcd_ex.o
 .debug_info    0x000000000000a6ca     0x222b build/stm32h7xx_ll_usb.o
 .debug_info    0x000000000000c8f5     0x13e0 build/stm32h7xx_hal_rcc.o
 .debug_info    0x000000000000dcd5     0x1cf5 build/stm32h7xx_hal_rcc_ex.o
 .debug_info    0x000000000000f9ca      0xee1 build/stm32h7xx_hal_gpio.o
 .debug_info    0x00000000000108ab     0x13f3 build/stm32h7xx_hal_pwr_ex.o
 .debug_info    0x0000000000011c9e     0x1507 build/stm32h7xx_hal_cortex.o
 .debug_info    0x00000000000131a5     0x18de build/stm32h7xx_hal.o
 .debug_info    0x0000000000014a83     0x4626 build/stm32h7xx_hal_i2c.o
 .debug_info    0x00000000000190a9      0xffa build/stm32h7xx_hal_i2c_ex.o
 .debug_info    0x000000000001a0a3     0x16f5 build/stm32h7xx_hal_i2s.o
 .debug_info    0x000000000001b798      0xeb5 build/system_stm32h7xx.o
 .debug_info    0x000000000001c64d     0x1370 build/usbd_core.o
 .debug_info    0x000000000001d9bd     0x14e9 build/usbd_ctlreq.o
 .debug_info    0x000000000001eea6      0x990 build/usbd_ioreq.o
 .debug_info    0x000000000001f836     0x191b build/usbd_cdc.o
 .debug_info    0x0000000000021151       0x22 build/startup_stm32h743xx.o

.debug_abbrev   0x0000000000000000     0x3a3f
 .debug_abbrev  0x0000000000000000      0x28d build/main.o
 .debug_abbrev  0x000000000000028d      0x168 build/stm32h7xx_it.o
 .debug_abbrev  0x00000000000003f5      0x1f1 build/stm32h7xx_hal_msp.o
 .debug_abbrev  0x00000000000005e6      0x19c build/usb_device.o
 .debug_abbrev  0x0000000000000782      0x22e build/usbd_desc.o
 .debug_abbrev  0x00000000000009b0      0x2bb build/usbd_cdc_if.o
 .debug_abbrev  0x0000000000000c6b      0x300 build/usbd_conf.o
 .debug_abbrev  0x0000000000000f6b      0x2d1 build/stm32h7xx_hal_pcd.o
 .debug_abbrev  0x000000000000123c      0x26c build/stm32h7xx_hal_pcd_ex.o
 .debug_abbrev  0x00000000000014a8      0x2f9 build/stm32h7xx_ll_usb.o
 .debug_abbrev  0x00000000000017a1      0x27d build/stm32h7xx_hal_rcc.o
 .debug_abbrev  0x0000000000001a1e      0x286 build/stm32h7xx_hal_rcc_ex.o
 .debug_abbrev  0x0000000000001ca4      0x253 build/stm32h7xx_hal_gpio.o
 .debug_abbrev  0x0000000000001ef7      0x2b6 build/stm32h7xx_hal_pwr_ex.o
 .debug_abbrev  0x00000000000021ad      0x395 build/stm32h7xx_hal_cortex.o
 .debug_abbrev  0x0000000000002542      0x261 build/stm32h7xx_hal.o
 .debug_abbrev  0x00000000000027a3      0x2a9 build/stm32h7xx_hal_i2c.o
 .debug_abbrev  0x0000000000002a4c      0x1c4 build/stm32h7xx_hal_i2c_ex.o
 .debug_abbrev  0x0000000000002c10      0x256 build/stm32h7xx_hal_i2s.o
 .debug_abbrev  0x0000000000002e66      0x12a build/system_stm32h7xx.o
 .debug_abbrev  0x0000000000002f90      0x2b8 build/usbd_core.o
 .debug_abbrev  0x0000000000003248      0x358 build/usbd_ctlreq.o
 .debug_abbrev  0x00000000000035a0      0x176 build/usbd_ioreq.o
 .debug_abbrev  0x0000000000003716      0x317 build/usbd_cdc.o
 .debug_abbrev  0x0000000000003a2d       0x12 build/startup_stm32h743xx.o

.debug_loc      0x0000000000000000    0x14c47
 .debug_loc     0x0000000000000000      0x117 build/main.o
 .debug_loc     0x0000000000000117       0x40 build/stm32h7xx_it.o
 .debug_loc     0x0000000000000157      0x217 build/stm32h7xx_hal_msp.o
 .debug_loc     0x000000000000036e       0x20 build/usb_device.o
 .debug_loc     0x000000000000038e      0x47b build/usbd_desc.o
 .debug_loc     0x0000000000000809      0x1bc build/usbd_cdc_if.o
 .debug_loc     0x00000000000009c5      0xf42 build/usbd_conf.o
 .debug_loc     0x0000000000001907     0x165d build/stm32h7xx_hal_pcd.o
 .debug_loc     0x0000000000002f64      0x28e build/stm32h7xx_hal_pcd_ex.o
 .debug_loc     0x00000000000031f2     0x2955 build/stm32h7xx_ll_usb.o
 .debug_loc     0x0000000000005b47      0xac2 build/stm32h7xx_hal_rcc.o
 .debug_loc     0x0000000000006609     0x1f9b build/stm32h7xx_hal_rcc_ex.o
 .debug_loc     0x00000000000085a4      0x482 build/stm32h7xx_hal_gpio.o
 .debug_loc     0x0000000000008a26      0x65b build/stm32h7xx_hal_pwr_ex.o
 .debug_loc     0x0000000000009081      0x786 build/stm32h7xx_hal_cortex.o
 .debug_loc     0x0000000000009807      0x526 build/stm32h7xx_hal.o
 .debug_loc     0x0000000000009d2d     0x58a9 build/stm32h7xx_hal_i2c.o
 .debug_loc     0x000000000000f5d6      0x25a build/stm32h7xx_hal_i2c_ex.o
 .debug_loc     0x000000000000f830     0x181a build/stm32h7xx_hal_i2s.o
 .debug_loc     0x000000000001104a      0x1d8 build/system_stm32h7xx.o
 .debug_loc     0x0000000000011222     0x102a build/usbd_core.o
 .debug_loc     0x000000000001224c     0x1a84 build/usbd_ctlreq.o
 .debug_loc     0x0000000000013cd0      0x398 build/usbd_ioreq.o
 .debug_loc     0x0000000000014068      0xbdf build/usbd_cdc.o

.debug_aranges  0x0000000000000000     0x1248
 .debug_aranges
                0x0000000000000000       0x50 build/main.o
 .debug_aranges
                0x0000000000000050       0x68 build/stm32h7xx_it.o
 .debug_aranges
                0x00000000000000b8       0x40 build/stm32h7xx_hal_msp.o
 .debug_aranges
                0x00000000000000f8       0x20 build/usb_device.o
 .debug_aranges
                0x0000000000000118       0x60 build/usbd_desc.o
 .debug_aranges
                0x0000000000000178       0x48 build/usbd_cdc_if.o
 .debug_aranges
                0x00000000000001c0      0x110 build/usbd_conf.o
 .debug_aranges
                0x00000000000002d0      0x140 build/stm32h7xx_hal_pcd.o
 .debug_aranges
                0x0000000000000410       0x60 build/stm32h7xx_hal_pcd_ex.o
 .debug_aranges
                0x0000000000000470      0x1a0 build/stm32h7xx_ll_usb.o
 .debug_aranges
                0x0000000000000610       0x88 build/stm32h7xx_hal_rcc.o
 .debug_aranges
                0x0000000000000698       0xf8 build/stm32h7xx_hal_rcc_ex.o
 .debug_aranges
                0x0000000000000790       0x58 build/stm32h7xx_hal_gpio.o
 .debug_aranges
                0x00000000000007e8      0x158 build/stm32h7xx_hal_pwr_ex.o
 .debug_aranges
                0x0000000000000940       0xb0 build/stm32h7xx_hal_cortex.o
 .debug_aranges
                0x00000000000009f0      0x198 build/stm32h7xx_hal.o
 .debug_aranges
                0x0000000000000b88      0x2a0 build/stm32h7xx_hal_i2c.o
 .debug_aranges
                0x0000000000000e28       0x48 build/stm32h7xx_hal_i2c_ex.o
 .debug_aranges
                0x0000000000000e70      0x148 build/stm32h7xx_hal_i2s.o
 .debug_aranges
                0x0000000000000fb8       0x28 build/system_stm32h7xx.o
 .debug_aranges
                0x0000000000000fe0       0xd8 build/usbd_core.o
 .debug_aranges
                0x00000000000010b8       0x88 build/usbd_ctlreq.o
 .debug_aranges
                0x0000000000001140       0x50 build/usbd_ioreq.o
 .debug_aranges
                0x0000000000001190       0x90 build/usbd_cdc.o
 .debug_aranges
                0x0000000000001220       0x28 build/startup_stm32h743xx.o

.debug_ranges   0x0000000000000000     0x11f0
 .debug_ranges  0x0000000000000000       0x40 build/main.o
 .debug_ranges  0x0000000000000040       0x58 build/stm32h7xx_it.o
 .debug_ranges  0x0000000000000098       0x30 build/stm32h7xx_hal_msp.o
 .debug_ranges  0x00000000000000c8       0x10 build/usb_device.o
 .debug_ranges  0x00000000000000d8       0x50 build/usbd_desc.o
 .debug_ranges  0x0000000000000128       0x38 build/usbd_cdc_if.o
 .debug_ranges  0x0000000000000160      0x100 build/usbd_conf.o
 .debug_ranges  0x0000000000000260      0x130 build/stm32h7xx_hal_pcd.o
 .debug_ranges  0x0000000000000390       0x50 build/stm32h7xx_hal_pcd_ex.o
 .debug_ranges  0x00000000000003e0      0x190 build/stm32h7xx_ll_usb.o
 .debug_ranges  0x0000000000000570       0xe8 build/stm32h7xx_hal_rcc.o
 .debug_ranges  0x0000000000000658       0xe8 build/stm32h7xx_hal_rcc_ex.o
 .debug_ranges  0x0000000000000740       0x48 build/stm32h7xx_hal_gpio.o
 .debug_ranges  0x0000000000000788      0x1a8 build/stm32h7xx_hal_pwr_ex.o
 .debug_ranges  0x0000000000000930      0x100 build/stm32h7xx_hal_cortex.o
 .debug_ranges  0x0000000000000a30      0x188 build/stm32h7xx_hal.o
 .debug_ranges  0x0000000000000bb8      0x290 build/stm32h7xx_hal_i2c.o
 .debug_ranges  0x0000000000000e48       0x38 build/stm32h7xx_hal_i2c_ex.o
 .debug_ranges  0x0000000000000e80      0x138 build/stm32h7xx_hal_i2s.o
 .debug_ranges  0x0000000000000fb8       0x18 build/system_stm32h7xx.o
 .debug_ranges  0x0000000000000fd0       0xc8 build/usbd_core.o
 .debug_ranges  0x0000000000001098       0x78 build/usbd_ctlreq.o
 .debug_ranges  0x0000000000001110       0x40 build/usbd_ioreq.o
 .debug_ranges  0x0000000000001150       0x80 build/usbd_cdc.o
 .debug_ranges  0x00000000000011d0       0x20 build/startup_stm32h743xx.o

.debug_line     0x0000000000000000    0x14047
 .debug_line    0x0000000000000000      0x64e build/main.o
 .debug_line    0x000000000000064e      0x2c8 build/stm32h7xx_it.o
 .debug_line    0x0000000000000916      0x3cd build/stm32h7xx_hal_msp.o
 .debug_line    0x0000000000000ce3      0x243 build/usb_device.o
 .debug_line    0x0000000000000f26      0x359 build/usbd_desc.o
 .debug_line    0x000000000000127f      0x25e build/usbd_cdc_if.o
 .debug_line    0x00000000000014dd      0x8c9 build/usbd_conf.o
 .debug_line    0x0000000000001da6     0x1542 build/stm32h7xx_hal_pcd.o
 .debug_line    0x00000000000032e8      0x489 build/stm32h7xx_hal_pcd_ex.o
 .debug_line    0x0000000000003771     0x1d43 build/stm32h7xx_ll_usb.o
 .debug_line    0x00000000000054b4     0x12a6 build/stm32h7xx_hal_rcc.o
 .debug_line    0x000000000000675a     0x1f98 build/stm32h7xx_hal_rcc_ex.o
 .debug_line    0x00000000000086f2      0x6ad build/stm32h7xx_hal_gpio.o
 .debug_line    0x0000000000008d9f      0xa76 build/stm32h7xx_hal_pwr_ex.o
 .debug_line    0x0000000000009815      0x781 build/stm32h7xx_hal_cortex.o
 .debug_line    0x0000000000009f96      0x8b6 build/stm32h7xx_hal.o
 .debug_line    0x000000000000a84c     0x5139 build/stm32h7xx_hal_i2c.o
 .debug_line    0x000000000000f985      0x4af build/stm32h7xx_hal_i2c_ex.o
 .debug_line    0x000000000000fe34     0x19c6 build/stm32h7xx_hal_i2s.o
 .debug_line    0x00000000000117fa      0x430 build/system_stm32h7xx.o
 .debug_line    0x0000000000011c2a      0x9cd build/usbd_core.o
 .debug_line    0x00000000000125f7      0xd44 build/usbd_ctlreq.o
 .debug_line    0x000000000001333b      0x2a4 build/usbd_ioreq.o
 .debug_line    0x00000000000135df      0x9f2 build/usbd_cdc.o
 .debug_line    0x0000000000013fd1       0x76 build/startup_stm32h743xx.o

.debug_str      0x0000000000000000     0x6631
 .debug_str     0x0000000000000000      0xf0d build/main.o
                                       0x1049 (size before relaxing)
 .debug_str     0x0000000000000f0d      0x496 build/stm32h7xx_it.o
                                        0x6b3 (size before relaxing)
 .debug_str     0x00000000000013a3      0x3f1 build/stm32h7xx_hal_msp.o
                                       0x1067 (size before relaxing)
 .debug_str     0x0000000000001794      0x444 build/usb_device.o
                                        0x6e7 (size before relaxing)
 .debug_str     0x0000000000001bd8      0x191 build/usbd_desc.o
                                        0x480 (size before relaxing)
 .debug_str     0x0000000000001d69      0x14f build/usbd_cdc_if.o
                                        0x7a5 (size before relaxing)
 .debug_str     0x0000000000001eb8      0xe39 build/usbd_conf.o
                                       0x1ef4 (size before relaxing)
 .debug_str     0x0000000000002cf1      0x5a8 build/stm32h7xx_hal_pcd.o
                                        0xe0b (size before relaxing)
 .debug_str     0x0000000000003299      0x19a build/stm32h7xx_hal_pcd_ex.o
                                        0x82e (size before relaxing)
 .debug_str     0x0000000000003433      0x472 build/stm32h7xx_ll_usb.o
                                        0xd39 (size before relaxing)
 .debug_str     0x00000000000038a5      0x358 build/stm32h7xx_hal_rcc.o
                                        0xa10 (size before relaxing)
 .debug_str     0x0000000000003bfd      0x675 build/stm32h7xx_hal_rcc_ex.o
                                        0xf1b (size before relaxing)
 .debug_str     0x0000000000004272      0x15a build/stm32h7xx_hal_gpio.o
                                        0x6ca (size before relaxing)
 .debug_str     0x00000000000043cc      0x533 build/stm32h7xx_hal_pwr_ex.o
                                        0xa3f (size before relaxing)
 .debug_str     0x00000000000048ff      0x3c9 build/stm32h7xx_hal_cortex.o
                                       0x103e (size before relaxing)
 .debug_str     0x0000000000004cc8      0x61b build/stm32h7xx_hal.o
                                       0x14a6 (size before relaxing)
 .debug_str     0x00000000000052e3      0x90a build/stm32h7xx_hal_i2c.o
                                       0x117f (size before relaxing)
 .debug_str     0x0000000000005bed       0xb5 build/stm32h7xx_hal_i2c_ex.o
                                        0xb4b (size before relaxing)
 .debug_str     0x0000000000005ca2      0x3ae build/stm32h7xx_hal_i2s.o
                                        0xb80 (size before relaxing)
 .debug_str     0x0000000000006050       0x3d build/system_stm32h7xx.o
                                        0x725 (size before relaxing)
 .debug_str     0x000000000000608d      0x27b build/usbd_core.o
                                        0x9e9 (size before relaxing)
 .debug_str     0x0000000000006308      0x109 build/usbd_ctlreq.o
                                        0x814 (size before relaxing)
 .debug_str     0x0000000000006411       0x60 build/usbd_ioreq.o
                                        0x6e9 (size before relaxing)
 .debug_str     0x0000000000006471      0x19c build/usbd_cdc.o
                                        0xded (size before relaxing)
 .debug_str     0x000000000000660d       0x24 build/startup_stm32h743xx.o
                                         0x5e (size before relaxing)

.comment        0x0000000000000000       0x49
 .comment       0x0000000000000000       0x49 build/main.o
                                         0x4a (size before relaxing)
 .comment       0x0000000000000049       0x4a build/stm32h7xx_it.o
 .comment       0x0000000000000049       0x4a build/stm32h7xx_hal_msp.o
 .comment       0x0000000000000049       0x4a build/usb_device.o
 .comment       0x0000000000000049       0x4a build/usbd_desc.o
 .comment       0x0000000000000049       0x4a build/usbd_cdc_if.o
 .comment       0x0000000000000049       0x4a build/usbd_conf.o
 .comment       0x0000000000000049       0x4a build/stm32h7xx_hal_pcd.o
 .comment       0x0000000000000049       0x4a build/stm32h7xx_hal_pcd_ex.o
 .comment       0x0000000000000049       0x4a build/stm32h7xx_ll_usb.o
 .comment       0x0000000000000049       0x4a build/stm32h7xx_hal_rcc.o
 .comment       0x0000000000000049       0x4a build/stm32h7xx_hal_rcc_ex.o
 .comment       0x0000000000000049       0x4a build/stm32h7xx_hal_gpio.o
 .comment       0x0000000000000049       0x4a build/stm32h7xx_hal_pwr_ex.o
 .comment       0x0000000000000049       0x4a build/stm32h7xx_hal_cortex.o
 .comment       0x0000000000000049       0x4a build/stm32h7xx_hal.o
 .comment       0x0000000000000049       0x4a build/stm32h7xx_hal_i2c.o
 .comment       0x0000000000000049       0x4a build/stm32h7xx_hal_i2c_ex.o
 .comment       0x0000000000000049       0x4a build/stm32h7xx_hal_i2s.o
 .comment       0x0000000000000049       0x4a build/system_stm32h7xx.o
 .comment       0x0000000000000049       0x4a build/usbd_core.o
 .comment       0x0000000000000049       0x4a build/usbd_ctlreq.o
 .comment       0x0000000000000049       0x4a build/usbd_ioreq.o
 .comment       0x0000000000000049       0x4a build/usbd_cdc.o

.debug_frame    0x0000000000000000     0x3080
 .debug_frame   0x0000000000000000       0xcc build/main.o
 .debug_frame   0x00000000000000cc       0xc0 build/stm32h7xx_it.o
 .debug_frame   0x000000000000018c       0xa4 build/stm32h7xx_hal_msp.o
 .debug_frame   0x0000000000000230       0x28 build/usb_device.o
 .debug_frame   0x0000000000000258       0xe0 build/usbd_desc.o
 .debug_frame   0x0000000000000338       0x88 build/usbd_cdc_if.o
 .debug_frame   0x00000000000003c0      0x2e4 build/usbd_conf.o
 .debug_frame   0x00000000000006a4      0x378 build/stm32h7xx_hal_pcd.o
 .debug_frame   0x0000000000000a1c       0xb8 build/stm32h7xx_hal_pcd_ex.o
 .debug_frame   0x0000000000000ad4      0x49c build/stm32h7xx_ll_usb.o
 .debug_frame   0x0000000000000f70      0x18c build/stm32h7xx_hal_rcc.o
 .debug_frame   0x00000000000010fc      0x26c build/stm32h7xx_hal_rcc_ex.o
 .debug_frame   0x0000000000001368       0xd4 build/stm32h7xx_hal_gpio.o
 .debug_frame   0x000000000000143c      0x2f4 build/stm32h7xx_hal_pwr_ex.o
 .debug_frame   0x0000000000001730      0x158 build/stm32h7xx_hal_cortex.o
 .debug_frame   0x0000000000001888      0x360 build/stm32h7xx_hal.o
 .debug_frame   0x0000000000001be8      0x984 build/stm32h7xx_hal_i2c.o
 .debug_frame   0x000000000000256c       0x80 build/stm32h7xx_hal_i2c_ex.o
 .debug_frame   0x00000000000025ec      0x404 build/stm32h7xx_hal_i2s.o
 .debug_frame   0x00000000000029f0       0x3c build/system_stm32h7xx.o
 .debug_frame   0x0000000000002a2c      0x240 build/usbd_core.o
 .debug_frame   0x0000000000002c6c      0x180 build/usbd_ctlreq.o
 .debug_frame   0x0000000000002dec       0xb8 build/usbd_ioreq.o
 .debug_frame   0x0000000000002ea4      0x190 build/usbd_cdc.o
 .debug_frame   0x0000000000003034       0x2c /usr/local/share/gcc-arm-none-eabi-10.3-2021.10/bin/../lib/gcc/arm-none-eabi/10.3.1/../../../../arm-none-eabi/lib/thumb/v7e-m+dp/hard/libc_nano.a(lib_a-init.o)
 .debug_frame   0x0000000000003060       0x20 /usr/local/share/gcc-arm-none-eabi-10.3-2021.10/bin/../lib/gcc/arm-none-eabi/10.3.1/../../../../arm-none-eabi/lib/thumb/v7e-m+dp/hard/libc_nano.a(lib_a-memset.o)

Cross Reference Table

Symbol                                            File
ADC3_IRQHandler                                   build/startup_stm32h743xx.o
ADC_IRQHandler                                    build/startup_stm32h743xx.o
BDMA_Channel0_IRQHandler                          build/startup_stm32h743xx.o
BDMA_Channel1_IRQHandler                          build/startup_stm32h743xx.o
BDMA_Channel2_IRQHandler                          build/startup_stm32h743xx.o
BDMA_Channel3_IRQHandler                          build/startup_stm32h743xx.o
BDMA_Channel4_IRQHandler                          build/startup_stm32h743xx.o
BDMA_Channel5_IRQHandler                          build/startup_stm32h743xx.o
BDMA_Channel6_IRQHandler                          build/startup_stm32h743xx.o
BDMA_Channel7_IRQHandler                          build/startup_stm32h743xx.o
BusFault_Handler                                  build/stm32h7xx_it.o
CDC_Transmit_FS                                   build/usbd_cdc_if.o
CEC_IRQHandler                                    build/startup_stm32h743xx.o
COMP1_IRQHandler                                  build/startup_stm32h743xx.o
CRS_IRQHandler                                    build/startup_stm32h743xx.o
D1CorePrescTable                                  build/system_stm32h7xx.o
                                                  build/stm32h7xx_hal.o
                                                  build/stm32h7xx_hal_rcc_ex.o
                                                  build/stm32h7xx_hal_rcc.o
DCMI_IRQHandler                                   build/startup_stm32h743xx.o
DFSDM1_FLT0_IRQHandler                            build/startup_stm32h743xx.o
DFSDM1_FLT1_IRQHandler                            build/startup_stm32h743xx.o
DFSDM1_FLT2_IRQHandler                            build/startup_stm32h743xx.o
DFSDM1_FLT3_IRQHandler                            build/startup_stm32h743xx.o
DMA1_Stream0_IRQHandler                           build/startup_stm32h743xx.o
DMA1_Stream1_IRQHandler                           build/startup_stm32h743xx.o
DMA1_Stream2_IRQHandler                           build/startup_stm32h743xx.o
DMA1_Stream3_IRQHandler                           build/startup_stm32h743xx.o
DMA1_Stream4_IRQHandler                           build/startup_stm32h743xx.o
DMA1_Stream5_IRQHandler                           build/startup_stm32h743xx.o
DMA1_Stream6_IRQHandler                           build/startup_stm32h743xx.o
DMA1_Stream7_IRQHandler                           build/startup_stm32h743xx.o
DMA2D_IRQHandler                                  build/startup_stm32h743xx.o
DMA2_Stream0_IRQHandler                           build/startup_stm32h743xx.o
DMA2_Stream1_IRQHandler                           build/startup_stm32h743xx.o
DMA2_Stream2_IRQHandler                           build/startup_stm32h743xx.o
DMA2_Stream3_IRQHandler                           build/startup_stm32h743xx.o
DMA2_Stream4_IRQHandler                           build/startup_stm32h743xx.o
DMA2_Stream5_IRQHandler                           build/startup_stm32h743xx.o
DMA2_Stream6_IRQHandler                           build/startup_stm32h743xx.o
DMA2_Stream7_IRQHandler                           build/startup_stm32h743xx.o
DMAMUX1_OVR_IRQHandler                            build/startup_stm32h743xx.o
DMAMUX2_OVR_IRQHandler                            build/startup_stm32h743xx.o
DebugMon_Handler                                  build/stm32h7xx_it.o
Default_Handler                                   build/startup_stm32h743xx.o
ECC_IRQHandler                                    build/startup_stm32h743xx.o
ETH_IRQHandler                                    build/startup_stm32h743xx.o
ETH_WKUP_IRQHandler                               build/startup_stm32h743xx.o
EXTI0_IRQHandler                                  build/startup_stm32h743xx.o
EXTI15_10_IRQHandler                              build/startup_stm32h743xx.o
EXTI1_IRQHandler                                  build/startup_stm32h743xx.o
EXTI2_IRQHandler                                  build/startup_stm32h743xx.o
EXTI3_IRQHandler                                  build/startup_stm32h743xx.o
EXTI4_IRQHandler                                  build/startup_stm32h743xx.o
EXTI9_5_IRQHandler                                build/startup_stm32h743xx.o
Error_Handler                                     build/main.o
                                                  build/usbd_conf.o
                                                  build/usb_device.o
                                                  build/stm32h7xx_hal_msp.o
FDCAN1_IT0_IRQHandler                             build/startup_stm32h743xx.o
FDCAN1_IT1_IRQHandler                             build/startup_stm32h743xx.o
FDCAN2_IT0_IRQHandler                             build/startup_stm32h743xx.o
FDCAN2_IT1_IRQHandler                             build/startup_stm32h743xx.o
FDCAN_CAL_IRQHandler                              build/startup_stm32h743xx.o
FLASH_CRC_WaitForLastOperation                    build/stm32h7xx_hal_flash.o
                                                  build/stm32h7xx_hal_flash_ex.o
FLASH_Erase_Sector                                build/stm32h7xx_hal_flash_ex.o
                                                  build/stm32h7xx_hal_flash.o
FLASH_IRQHandler                                  build/startup_stm32h743xx.o
FLASH_OB_WaitForLastOperation                     build/stm32h7xx_hal_flash.o
                                                  build/stm32h7xx_hal_flash_ex.o
FLASH_WaitForLastOperation                        build/stm32h7xx_hal_flash.o
                                                  build/stm32h7xx_hal_flash_ex.o
FMC_IRQHandler                                    build/startup_stm32h743xx.o
FPU_IRQHandler                                    build/startup_stm32h743xx.o
FS_Desc                                           build/usbd_desc.o
                                                  build/usb_device.o
HAL_DBGMCU_DisableDBGSleepMode                    build/stm32h7xx_hal.o
HAL_DBGMCU_DisableDBGStandbyMode                  build/stm32h7xx_hal.o
HAL_DBGMCU_DisableDBGStopMode                     build/stm32h7xx_hal.o
HAL_DBGMCU_EnableDBGSleepMode                     build/stm32h7xx_hal.o
HAL_DBGMCU_EnableDBGStandbyMode                   build/stm32h7xx_hal.o
HAL_DBGMCU_EnableDBGStopMode                      build/stm32h7xx_hal.o
HAL_DMAEx_ChangeMemory                            build/stm32h7xx_hal_dma_ex.o
HAL_DMAEx_ConfigMuxRequestGenerator               build/stm32h7xx_hal_dma_ex.o
HAL_DMAEx_ConfigMuxSync                           build/stm32h7xx_hal_dma_ex.o
HAL_DMAEx_DisableMuxRequestGenerator              build/stm32h7xx_hal_dma_ex.o
HAL_DMAEx_EnableMuxRequestGenerator               build/stm32h7xx_hal_dma_ex.o
HAL_DMAEx_MUX_IRQHandler                          build/stm32h7xx_hal_dma_ex.o
HAL_DMAEx_MultiBufferStart                        build/stm32h7xx_hal_dma_ex.o
HAL_DMAEx_MultiBufferStart_IT                     build/stm32h7xx_hal_dma_ex.o
HAL_DMA_Abort                                     build/stm32h7xx_hal_dma.o
                                                  build/stm32h7xx_hal_i2s.o
HAL_DMA_Abort_IT                                  build/stm32h7xx_hal_dma.o
                                                  build/stm32h7xx_hal_i2c.o
HAL_DMA_DeInit                                    build/stm32h7xx_hal_dma.o
HAL_DMA_GetError                                  build/stm32h7xx_hal_dma.o
                                                  build/stm32h7xx_hal_i2c.o
HAL_DMA_GetState                                  build/stm32h7xx_hal_dma.o
                                                  build/stm32h7xx_hal_i2c.o
HAL_DMA_IRQHandler                                build/stm32h7xx_hal_dma.o
HAL_DMA_Init                                      build/stm32h7xx_hal_dma.o
HAL_DMA_PollForTransfer                           build/stm32h7xx_hal_dma.o
HAL_DMA_RegisterCallback                          build/stm32h7xx_hal_dma.o
HAL_DMA_Start                                     build/stm32h7xx_hal_dma.o
HAL_DMA_Start_IT                                  build/stm32h7xx_hal_dma.o
                                                  build/stm32h7xx_hal_i2s.o
                                                  build/stm32h7xx_hal_i2c.o
HAL_DMA_UnRegisterCallback                        build/stm32h7xx_hal_dma.o
HAL_DeInit                                        build/stm32h7xx_hal.o
HAL_Delay                                         build/stm32h7xx_hal.o
                                                  build/stm32h7xx_ll_usb.o
                                                  build/stm32h7xx_hal_pcd_ex.o
                                                  build/usbd_conf.o
HAL_DisableCompensationCell                       build/stm32h7xx_hal.o
HAL_EXTI_ClearConfigLine                          build/stm32h7xx_hal_exti.o
HAL_EXTI_ClearPending                             build/stm32h7xx_hal_exti.o
HAL_EXTI_D1_ClearFlag                             build/stm32h7xx_hal.o
HAL_EXTI_D1_EventInputConfig                      build/stm32h7xx_hal.o
HAL_EXTI_D3_EventInputConfig                      build/stm32h7xx_hal.o
HAL_EXTI_EdgeConfig                               build/stm32h7xx_hal.o
HAL_EXTI_GenerateSWI                              build/stm32h7xx_hal_exti.o
HAL_EXTI_GenerateSWInterrupt                      build/stm32h7xx_hal.o
HAL_EXTI_GetConfigLine                            build/stm32h7xx_hal_exti.o
HAL_EXTI_GetHandle                                build/stm32h7xx_hal_exti.o
HAL_EXTI_GetPending                               build/stm32h7xx_hal_exti.o
HAL_EXTI_IRQHandler                               build/stm32h7xx_hal_exti.o
HAL_EXTI_RegisterCallback                         build/stm32h7xx_hal_exti.o
HAL_EXTI_SetConfigLine                            build/stm32h7xx_hal_exti.o
HAL_EnableCompensationCell                        build/stm32h7xx_hal.o
HAL_FLASHEx_ComputeCRC                            build/stm32h7xx_hal_flash_ex.o
HAL_FLASHEx_Erase                                 build/stm32h7xx_hal_flash_ex.o
HAL_FLASHEx_Erase_IT                              build/stm32h7xx_hal_flash_ex.o
HAL_FLASHEx_Lock_Bank1                            build/stm32h7xx_hal_flash_ex.o
HAL_FLASHEx_Lock_Bank2                            build/stm32h7xx_hal_flash_ex.o
HAL_FLASHEx_OBGetConfig                           build/stm32h7xx_hal_flash_ex.o
HAL_FLASHEx_OBProgram                             build/stm32h7xx_hal_flash_ex.o
HAL_FLASHEx_Unlock_Bank1                          build/stm32h7xx_hal_flash_ex.o
HAL_FLASHEx_Unlock_Bank2                          build/stm32h7xx_hal_flash_ex.o
HAL_FLASH_EndOfOperationCallback                  build/stm32h7xx_hal_flash.o
HAL_FLASH_GetError                                build/stm32h7xx_hal_flash.o
HAL_FLASH_IRQHandler                              build/stm32h7xx_hal_flash.o
HAL_FLASH_Lock                                    build/stm32h7xx_hal_flash.o
HAL_FLASH_OB_Launch                               build/stm32h7xx_hal_flash.o
HAL_FLASH_OB_Lock                                 build/stm32h7xx_hal_flash.o
HAL_FLASH_OB_Unlock                               build/stm32h7xx_hal_flash.o
HAL_FLASH_OperationErrorCallback                  build/stm32h7xx_hal_flash.o
HAL_FLASH_Program                                 build/stm32h7xx_hal_flash.o
HAL_FLASH_Program_IT                              build/stm32h7xx_hal_flash.o
HAL_FLASH_Unlock                                  build/stm32h7xx_hal_flash.o
HAL_GPIO_DeInit                                   build/stm32h7xx_hal_gpio.o
                                                  build/usbd_conf.o
                                                  build/stm32h7xx_hal_msp.o
HAL_GPIO_EXTI_Callback                            build/stm32h7xx_hal_gpio.o
HAL_GPIO_EXTI_IRQHandler                          build/stm32h7xx_hal_gpio.o
HAL_GPIO_Init                                     build/stm32h7xx_hal_gpio.o
                                                  build/stm32h7xx_hal_rcc.o
                                                  build/usbd_conf.o
                                                  build/stm32h7xx_hal_msp.o
                                                  build/main.o
HAL_GPIO_LockPin                                  build/stm32h7xx_hal_gpio.o
HAL_GPIO_ReadPin                                  build/stm32h7xx_hal_gpio.o
HAL_GPIO_TogglePin                                build/stm32h7xx_hal_gpio.o
HAL_GPIO_WritePin                                 build/stm32h7xx_hal_gpio.o
                                                  build/main.o
HAL_GetCurrentCPUID                               build/stm32h7xx_hal_cortex.o
HAL_GetDEVID                                      build/stm32h7xx_hal.o
HAL_GetFMCMemorySwappingConfig                    build/stm32h7xx_hal.o
HAL_GetHalVersion                                 build/stm32h7xx_hal.o
HAL_GetREVID                                      build/stm32h7xx_hal.o
                                                  build/stm32h7xx_hal_rcc_ex.o
                                                  build/stm32h7xx_hal_rcc.o
HAL_GetTick                                       build/stm32h7xx_hal.o
                                                  build/stm32h7xx_hal_i2s.o
                                                  build/stm32h7xx_hal_i2c.o
                                                  build/stm32h7xx_hal_pwr_ex.o
                                                  build/stm32h7xx_hal_mdma.o
                                                  build/stm32h7xx_hal_dma.o
                                                  build/stm32h7xx_hal_flash.o
                                                  build/stm32h7xx_hal_rcc_ex.o
                                                  build/stm32h7xx_hal_rcc.o
                                                  build/stm32h7xx_hal_pcd_ex.o
HAL_GetTickFreq                                   build/stm32h7xx_hal.o
HAL_GetTickPrio                                   build/stm32h7xx_hal.o
HAL_GetUIDw0                                      build/stm32h7xx_hal.o
HAL_GetUIDw1                                      build/stm32h7xx_hal.o
HAL_GetUIDw2                                      build/stm32h7xx_hal.o
HAL_HSEM_ActivateNotification                     build/stm32h7xx_hal_hsem.o
HAL_HSEM_DeactivateNotification                   build/stm32h7xx_hal_hsem.o
HAL_HSEM_FastTake                                 build/stm32h7xx_hal_hsem.o
HAL_HSEM_FreeCallback                             build/stm32h7xx_hal_hsem.o
HAL_HSEM_GetClearKey                              build/stm32h7xx_hal_hsem.o
HAL_HSEM_IRQHandler                               build/stm32h7xx_hal_hsem.o
HAL_HSEM_IsSemTaken                               build/stm32h7xx_hal_hsem.o
HAL_HSEM_Release                                  build/stm32h7xx_hal_hsem.o
HAL_HSEM_ReleaseAll                               build/stm32h7xx_hal_hsem.o
HAL_HSEM_SetClearKey                              build/stm32h7xx_hal_hsem.o
HAL_HSEM_Take                                     build/stm32h7xx_hal_hsem.o
HAL_I2CEx_ConfigAnalogFilter                      build/stm32h7xx_hal_i2c_ex.o
                                                  build/main.o
HAL_I2CEx_ConfigDigitalFilter                     build/stm32h7xx_hal_i2c_ex.o
                                                  build/main.o
HAL_I2CEx_DisableFastModePlus                     build/stm32h7xx_hal_i2c_ex.o
HAL_I2CEx_DisableWakeUp                           build/stm32h7xx_hal_i2c_ex.o
HAL_I2CEx_EnableFastModePlus                      build/stm32h7xx_hal_i2c_ex.o
HAL_I2CEx_EnableWakeUp                            build/stm32h7xx_hal_i2c_ex.o
HAL_I2C_AbortCpltCallback                         build/stm32h7xx_hal_i2c.o
HAL_I2C_AddrCallback                              build/stm32h7xx_hal_i2c.o
HAL_I2C_DeInit                                    build/stm32h7xx_hal_i2c.o
HAL_I2C_DisableListen_IT                          build/stm32h7xx_hal_i2c.o
HAL_I2C_ER_IRQHandler                             build/stm32h7xx_hal_i2c.o
HAL_I2C_EV_IRQHandler                             build/stm32h7xx_hal_i2c.o
HAL_I2C_EnableListen_IT                           build/stm32h7xx_hal_i2c.o
HAL_I2C_ErrorCallback                             build/stm32h7xx_hal_i2c.o
HAL_I2C_GetError                                  build/stm32h7xx_hal_i2c.o
HAL_I2C_GetMode                                   build/stm32h7xx_hal_i2c.o
HAL_I2C_GetState                                  build/stm32h7xx_hal_i2c.o
HAL_I2C_Init                                      build/stm32h7xx_hal_i2c.o
                                                  build/main.o
HAL_I2C_IsDeviceReady                             build/stm32h7xx_hal_i2c.o
HAL_I2C_ListenCpltCallback                        build/stm32h7xx_hal_i2c.o
HAL_I2C_MasterRxCpltCallback                      build/stm32h7xx_hal_i2c.o
HAL_I2C_MasterTxCpltCallback                      build/stm32h7xx_hal_i2c.o
HAL_I2C_Master_Abort_IT                           build/stm32h7xx_hal_i2c.o
HAL_I2C_Master_Receive                            build/stm32h7xx_hal_i2c.o
HAL_I2C_Master_Receive_DMA                        build/stm32h7xx_hal_i2c.o
HAL_I2C_Master_Receive_IT                         build/stm32h7xx_hal_i2c.o
HAL_I2C_Master_Seq_Receive_DMA                    build/stm32h7xx_hal_i2c.o
HAL_I2C_Master_Seq_Receive_IT                     build/stm32h7xx_hal_i2c.o
HAL_I2C_Master_Seq_Transmit_DMA                   build/stm32h7xx_hal_i2c.o
HAL_I2C_Master_Seq_Transmit_IT                    build/stm32h7xx_hal_i2c.o
HAL_I2C_Master_Transmit                           build/stm32h7xx_hal_i2c.o
HAL_I2C_Master_Transmit_DMA                       build/stm32h7xx_hal_i2c.o
HAL_I2C_Master_Transmit_IT                        build/stm32h7xx_hal_i2c.o